Component: ARM Compiler 5.06 update 7 (build 960) Tool: armlink [4d3601]

==============================================================================

Section Cross References

    startup_stm32f767xx.o(STACK) refers (Special) to heapauxi.o(.text) for __use_two_region_memory
    startup_stm32f767xx.o(HEAP) refers (Special) to heapauxi.o(.text) for __use_two_region_memory
    startup_stm32f767xx.o(RESET) refers (Special) to heapauxi.o(.text) for __use_two_region_memory
    startup_stm32f767xx.o(RESET) refers to startup_stm32f767xx.o(STACK) for __initial_sp
    startup_stm32f767xx.o(RESET) refers to startup_stm32f767xx.o(.text) for Reset_Handler
    startup_stm32f767xx.o(RESET) refers to stm32f7xx_it.o(i.NMI_Handler) for NMI_Handler
    startup_stm32f767xx.o(RESET) refers to stm32f7xx_it.o(i.HardFault_Handler) for HardFault_Handler
    startup_stm32f767xx.o(RESET) refers to stm32f7xx_it.o(i.MemManage_Handler) for MemManage_Handler
    startup_stm32f767xx.o(RESET) refers to stm32f7xx_it.o(i.BusFault_Handler) for BusFault_Handler
    startup_stm32f767xx.o(RESET) refers to stm32f7xx_it.o(i.UsageFault_Handler) for UsageFault_Handler
    startup_stm32f767xx.o(RESET) refers to port.o(.emb_text) for SVC_Handler
    startup_stm32f767xx.o(RESET) refers to stm32f7xx_it.o(i.DebugMon_Handler) for DebugMon_Handler
    startup_stm32f767xx.o(RESET) refers to port.o(i.SysTick_Handler) for SysTick_Handler
    startup_stm32f767xx.o(RESET) refers to stm32f7xx_it.o(i.DMA1_Stream1_IRQHandler) for DMA1_Stream1_IRQHandler
    startup_stm32f767xx.o(RESET) refers to stm32f7xx_it.o(i.DMA1_Stream3_IRQHandler) for DMA1_Stream3_IRQHandler
    startup_stm32f767xx.o(RESET) refers to stm32f7xx_it.o(i.TIM1_UP_TIM10_IRQHandler) for TIM1_UP_TIM10_IRQHandler
    startup_stm32f767xx.o(RESET) refers to stm32f7xx_it.o(i.USART3_IRQHandler) for USART3_IRQHandler
    startup_stm32f767xx.o(.text) refers (Special) to heapauxi.o(.text) for __use_two_region_memory
    startup_stm32f767xx.o(.text) refers to system_stm32f7xx.o(i.SystemInit) for SystemInit
    startup_stm32f767xx.o(.text) refers to __main.o(!!!main) for __main
    startup_stm32f767xx.o(.text) refers to startup_stm32f767xx.o(HEAP) for Heap_Mem
    startup_stm32f767xx.o(.text) refers to startup_stm32f767xx.o(STACK) for Stack_Mem
    main.o(i.HAL_TIM_PeriodElapsedCallback) refers to stm32f7xx_hal.o(i.HAL_IncTick) for HAL_IncTick
    main.o(i.HAL_UART_RxCpltCallback) refers to atoi.o(.text) for atoi
    main.o(i.HAL_UART_RxCpltCallback) refers to stm32f7xx_hal_gpio.o(i.HAL_GPIO_WritePin) for HAL_GPIO_WritePin
    main.o(i.HAL_UART_RxCpltCallback) refers to stm32f7xx_hal.o(i.HAL_Delay) for HAL_Delay
    main.o(i.HAL_UART_RxCpltCallback) refers to stm32f7xx_hal_uart.o(i.HAL_UART_Transmit) for HAL_UART_Transmit
    main.o(i.HAL_UART_RxCpltCallback) refers to main.o(.data) for .data
    main.o(i.HAL_UART_RxCpltCallback) refers to main.o(.bss) for .bss
    main.o(i.MX_ETH_Init) refers to stm32f7xx_hal_eth.o(i.HAL_ETH_Init) for HAL_ETH_Init
    main.o(i.MX_ETH_Init) refers to main.o(.bss) for .bss
    main.o(i.MX_ETH_Init) refers to main.o(.data) for .data
    main.o(i.MX_GPIO_Init) refers to rt_memclr_w.o(.text) for __aeabi_memclr4
    main.o(i.MX_GPIO_Init) refers to stm32f7xx_hal_gpio.o(i.HAL_GPIO_WritePin) for HAL_GPIO_WritePin
    main.o(i.MX_GPIO_Init) refers to stm32f7xx_hal_gpio.o(i.HAL_GPIO_Init) for HAL_GPIO_Init
    main.o(i.MX_USART3_UART_Init) refers to stm32f7xx_hal_uart.o(i.HAL_UART_Init) for HAL_UART_Init
    main.o(i.MX_USART3_UART_Init) refers to main.o(.bss) for .bss
    main.o(i.MX_USB_OTG_FS_PCD_Init) refers to stm32f7xx_hal_pcd.o(i.HAL_PCD_Init) for HAL_PCD_Init
    main.o(i.MX_USB_OTG_FS_PCD_Init) refers to main.o(.bss) for .bss
    main.o(i.StartDefaultTask) refers to stm32f7xx_hal_uart.o(i.HAL_UART_Receive_DMA) for HAL_UART_Receive_DMA
    main.o(i.StartDefaultTask) refers to cmsis_os.o(i.osDelay) for osDelay
    main.o(i.StartDefaultTask) refers to main.o(.data) for .data
    main.o(i.StartDefaultTask) refers to main.o(.bss) for .bss
    main.o(i.StartTask02) refers to stm32f7xx_hal_gpio.o(i.HAL_GPIO_WritePin) for HAL_GPIO_WritePin
    main.o(i.StartTask02) refers to cmsis_os.o(i.osDelay) for osDelay
    main.o(i.StartTask02) refers to main.o(.data) for .data
    main.o(i.StartTask03) refers to stm32f7xx_hal_gpio.o(i.HAL_GPIO_ReadPin) for HAL_GPIO_ReadPin
    main.o(i.StartTask03) refers to stm32f7xx_hal_uart.o(i.HAL_UART_Transmit) for HAL_UART_Transmit
    main.o(i.StartTask03) refers to stm32f7xx_hal_gpio.o(i.HAL_GPIO_WritePin) for HAL_GPIO_WritePin
    main.o(i.StartTask03) refers to cmsis_os.o(i.osDelay) for osDelay
    main.o(i.StartTask03) refers to main.o(.bss) for .bss
    main.o(i.SystemClock_Config) refers to rt_memclr_w.o(.text) for __aeabi_memclr4
    main.o(i.SystemClock_Config) refers to stm32f7xx_hal_pwr.o(i.HAL_PWR_EnableBkUpAccess) for HAL_PWR_EnableBkUpAccess
[...]
    i.HAL_MspInit                            0x08001444   Section        0  stm32f7xx_hal_msp.o(i.HAL_MspInit)
    i.HAL_NVIC_EnableIRQ                     0x0800147c   Section        0  stm32f7xx_hal_cortex.o(i.HAL_NVIC_EnableIRQ)
    i.HAL_NVIC_SetPriority                   0x08001498   Section        0  stm32f7xx_hal_cortex.o(i.HAL_NVIC_SetPriority)
    i.HAL_NVIC_SetPriorityGrouping           0x080014d8   Section        0  stm32f7xx_hal_cortex.o(i.HAL_NVIC_SetPriorityGrouping)
    i.HAL_PCDEx_ActivateLPM                  0x080014fc   Section        0  stm32f7xx_hal_pcd_ex.o(i.HAL_PCDEx_ActivateLPM)
    i.HAL_PCD_Init                           0x08001524   Section        0  stm32f7xx_hal_pcd.o(i.HAL_PCD_Init)
    i.HAL_PCD_MspInit                        0x08001618   Section        0  stm32f7xx_hal_msp.o(i.HAL_PCD_MspInit)
    i.HAL_PWREx_EnableOverDrive              0x080016c0   Section        0  stm32f7xx_hal_pwr_ex.o(i.HAL_PWREx_EnableOverDrive)
    i.HAL_PWR_EnableBkUpAccess               0x0800172c   Section        0  stm32f7xx_hal_pwr.o(i.HAL_PWR_EnableBkUpAccess)
    i.HAL_RCCEx_PeriphCLKConfig              0x0800173c   Section        0  stm32f7xx_hal_rcc_ex.o(i.HAL_RCCEx_PeriphCLKConfig)
    i.HAL_RCC_ClockConfig                    0x08001c78   Section        0  stm32f7xx_hal_rcc.o(i.HAL_RCC_ClockConfig)
    i.HAL_RCC_GetClockConfig                 0x08001da8   Section        0  stm32f7xx_hal_rcc.o(i.HAL_RCC_GetClockConfig)
    i.HAL_RCC_GetHCLKFreq                    0x08001de8   Section        0  stm32f7xx_hal_rcc.o(i.HAL_RCC_GetHCLKFreq)
    i.HAL_RCC_GetPCLK1Freq                   0x08001df4   Section        0  stm32f7xx_hal_rcc.o(i.HAL_RCC_GetPCLK1Freq)
    i.HAL_RCC_GetPCLK2Freq                   0x08001e14   Section        0  stm32f7xx_hal_rcc.o(i.HAL_RCC_GetPCLK2Freq)
    i.HAL_RCC_GetSysClockFreq                0x08001e34   Section        0  stm32f7xx_hal_rcc.o(i.HAL_RCC_GetSysClockFreq)
    i.HAL_RCC_OscConfig                      0x08001e94   Section        0  stm32f7xx_hal_rcc.o(i.HAL_RCC_OscConfig)
    i.HAL_TIMEx_Break2Callback               0x0800222c   Section        0  stm32f7xx_hal_tim_ex.o(i.HAL_TIMEx_Break2Callback)
    i.HAL_TIMEx_BreakCallback                0x0800222e   Section        0  stm32f7xx_hal_tim_ex.o(i.HAL_TIMEx_BreakCallback)
    i.HAL_TIMEx_CommutCallback               0x08002230   Section        0  stm32f7xx_hal_tim_ex.o(i.HAL_TIMEx_CommutCallback)
    i.HAL_TIM_Base_Init                      0x08002232   Section        0  stm32f7xx_hal_tim.o(i.HAL_TIM_Base_Init)
    i.HAL_TIM_Base_MspInit                   0x08002294   Section        0  stm32f7xx_hal_tim.o(i.HAL_TIM_Base_MspInit)
    i.HAL_TIM_Base_Start_IT                  0x08002298   Section        0  stm32f7xx_hal_tim.o(i.HAL_TIM_Base_Start_IT)
    i.HAL_TIM_IC_CaptureCallback             0x08002324   Section        0  stm32f7xx_hal_tim.o(i.HAL_TIM_IC_CaptureCallback)
    i.HAL_TIM_IRQHandler                     0x08002326   Section        0  stm32f7xx_hal_tim.o(i.HAL_TIM_IRQHandler)
    i.HAL_TIM_OC_DelayElapsedCallback        0x080024a8   Section        0  stm32f7xx_hal_tim.o(i.HAL_TIM_OC_DelayElapsedCallback)
    i.HAL_TIM_PWM_PulseFinishedCallback      0x080024aa   Section        0  stm32f7xx_hal_tim.o(i.HAL_TIM_PWM_PulseFinishedCallback)
    i.HAL_TIM_PeriodElapsedCallback          0x080024ac   Section        0  main.o(i.HAL_TIM_PeriodElapsedCallback)
    i.HAL_TIM_TriggerCallback                0x080024c0   Section        0  stm32f7xx_hal_tim.o(i.HAL_TIM_TriggerCallback)
    i.HAL_UARTEx_RxEventCallback             0x080024c2   Section        0  stm32f7xx_hal_uart.o(i.HAL_UARTEx_RxEventCallback)
    i.HAL_UARTEx_WakeupCallback              0x080024c4   Section        0  stm32f7xx_hal_uart.o(i.HAL_UARTEx_WakeupCallback)
    i.HAL_UART_ErrorCallback                 0x080024c6   Section        0  stm32f7xx_hal_uart.o(i.HAL_UART_ErrorCallback)
    i.HAL_UART_IRQHandler                    0x080024c8   Section        0  stm32f7xx_hal_uart.o(i.HAL_UART_IRQHandler)
    i.HAL_UART_Init                          0x0800275c   Section        0  stm32f7xx_hal_uart.o(i.HAL_UART_Init)
    i.HAL_UART_MspInit                       0x080027c4   Section        0  stm32f7xx_hal_msp.o(i.HAL_UART_MspInit)
    i.HAL_UART_Receive_DMA                   0x080028c8   Section        0  stm32f7xx_hal_uart.o(i.HAL_UART_Receive_DMA)
    i.HAL_UART_RxCpltCallback                0x08002910   Section        0  main.o(i.HAL_UART_RxCpltCallback)
    i.HAL_UART_RxHalfCpltCallback            0x080029d8   Section        0  stm32f7xx_hal_uart.o(i.HAL_UART_RxHalfCpltCallback)
    i.HAL_UART_Transmit                      0x080029dc   Section        0  stm32f7xx_hal_uart.o(i.HAL_UART_Transmit)
    i.HAL_UART_TxCpltCallback                0x08002a94   Section        0  stm32f7xx_hal_uart.o(i.HAL_UART_TxCpltCallback)
    i.HardFault_Handler                      0x08002a96   Section        0  stm32f7xx_it.o(i.HardFault_Handler)
    i.MX_ETH_Init                            0x08002a98   Section        0  main.o(i.MX_ETH_Init)
    MX_ETH_Init                              0x08002a99   Thumb Code    70  main.o(i.MX_ETH_Init)
    i.MX_GPIO_Init                           0x08002aec   Section        0  main.o(i.MX_GPIO_Init)
    MX_GPIO_Init                             0x08002aed   Thumb Code   222  main.o(i.MX_GPIO_Init)
    i.MX_USART3_UART_Init                    0x08002bdc   Section        0  main.o(i.MX_USART3_UART_Init)
    MX_USART3_UART_Init                      0x08002bdd   Thumb Code    48  main.o(i.MX_USART3_UART_Init)
    i.MX_USB_OTG_FS_PCD_Init                 0x08002c14   Section        0  main.o(i.MX_USB_OTG_FS_PCD_Init)
    MX_USB_OTG_FS_PCD_Init                   0x08002c15   Thumb Code    50  main.o(i.MX_USB_OTG_FS_PCD_Init)
    i.MemManage_Handler                      0x08002c4c   Section        0  stm32f7xx_it.o(i.MemManage_Handler)
    i.NMI_Handler                            0x08002c4e   Section        0  stm32f7xx_it.o(i.NMI_Handler)
    i.StartDefaultTask                       0x08002c50   Section        0  main.o(i.StartDefaultTask)
    i.StartTask02                            0x08002c6c   Section        0  main.o(i.StartTask02)
    i.StartTask03                            0x08002cb8   Section        0  main.o(i.StartTask03)
    i.SysTick_Handler                        0x08002d38   Section        0  port.o(i.SysTick_Handler)
    i.SystemClock_Config                     0x08002d68   Section        0  main.o(i.SystemClock_Config)
    i.SystemInit                             0x08002e0c   Section        0  system_stm32f7xx.o(i.SystemInit)
    i.TIM1_UP_TIM10_IRQHandler               0x08002e1c   Section        0  stm32f7xx_it.o(i.TIM1_UP_TIM10_IRQHandler)
    i.TIM_Base_SetConfig                     0x08002e28   Section        0  stm32f7xx_hal_tim.o(i.TIM_Base_SetConfig)
    i.UART_AdvFeatureConfig                  0x08002ef4   Section        0  stm32f7xx_hal_uart.o(i.UART_AdvFeatureConfig)
    i.UART_CheckIdleState                    0x08002fbc   Section        0  stm32f7xx_hal_uart.o(i.UART_CheckIdleState)
    i.UART_DMAAbortOnError                   0x08003018   Section        0  stm32f7xx_hal_uart.o(i.UART_DMAAbortOnError)
    UART_DMAAbortOnError                     0x08003019   Thumb Code    20  stm32f7xx_hal_uart.o(i.UART_DMAAbortOnError)
    i.UART_DMAError                          0x0800302c   Section        0  stm32f7xx_hal_uart.o(i.UART_DMAError)
    UART_DMAError                            0x0800302d   Thumb Code    74  stm32f7xx_hal_uart.o(i.UART_DMAError)
    i.UART_DMAReceiveCplt                    0x08003076   Section        0  stm32f7xx_hal_uart.o(i.UART_DMAReceiveCplt)
    UART_DMAReceiveCplt                      0x08003077   Thumb Code   126  stm32f7xx_hal_uart.o(i.UART_DMAReceiveCplt)
    i.UART_DMARxHalfCplt                     0x080030f4   Section        0  stm32f7xx_hal_uart.o(i.UART_DMARxHalfCplt)
    UART_DMARxHalfCplt                       0x080030f5   Thumb Code    28  stm32f7xx_hal_uart.o(i.UART_DMARxHalfCplt)
    i.UART_EndRxTransfer                     0x08003110   Section        0  stm32f7xx_hal_uart.o(i.UART_EndRxTransfer)
    UART_EndRxTransfer                       0x08003111   Thumb Code    74  stm32f7xx_hal_uart.o(i.UART_EndRxTransfer)
    i.UART_EndTxTransfer                     0x0800315a   Section        0  stm32f7xx_hal_uart.o(i.UART_EndTxTransfer)
    UART_EndTxTransfer                       0x0800315b   Thumb Code    24  stm32f7xx_hal_uart.o(i.UART_EndTxTransfer)
    i.UART_SetConfig                         0x08003174   Section        0  stm32f7xx_hal_uart.o(i.UART_SetConfig)
    i.UART_Start_Receive_DMA                 0x080033a4   Section        0  stm32f7xx_hal_uart.o(i.UART_Start_Receive_DMA)
    i.UART_WaitOnFlagUntilTimeout            0x08003448   Section        0  stm32f7xx_hal_uart.o(i.UART_WaitOnFlagUntilTimeout)
    i.USART3_IRQHandler                      0x08003514   Section        0  stm32f7xx_it.o(i.USART3_IRQHandler)
    i.USB_CoreInit                           0x08003520   Section        0  stm32f7xx_ll_usb.o(i.USB_CoreInit)
    i.USB_CoreReset                          0x0800358c   Section        0  stm32f7xx_ll_usb.o(i.USB_CoreReset)
    USB_CoreReset                            0x0800358d   Thumb Code    58  stm32f7xx_ll_usb.o(i.USB_CoreReset)
    i.USB_DevDisconnect                      0x080035cc   Section        0  stm32f7xx_ll_usb.o(i.USB_DevDisconnect)
    i.USB_DevInit                            0x080035e8   Section        0  stm32f7xx_ll_usb.o(i.USB_DevInit)
    i.USB_DisableGlobalInt                   0x08003760   Section        0  stm32f7xx_ll_usb.o(i.USB_DisableGlobalInt)
    i.USB_FlushRxFifo                        0x0800376c   Section        0  stm32f7xx_ll_usb.o(i.USB_FlushRxFifo)
    i.USB_FlushTxFifo                        0x080037a8   Section        0  stm32f7xx_ll_usb.o(i.USB_FlushTxFifo)
    i.USB_SetCurrentMode                     0x080037e8   Section        0  stm32f7xx_ll_usb.o(i.USB_SetCurrentMode)
    i.UsageFault_Handler                     0x08003846   Section        0  stm32f7xx_it.o(i.UsageFault_Handler)
    i.__NVIC_SetPriority                     0x08003848   Section        0  stm32f7xx_hal_cortex.o(i.__NVIC_SetPriority)
    __NVIC_SetPriority                       0x08003849   Thumb Code    34  stm32f7xx_hal_cortex.o(i.__NVIC_SetPriority)
    i.main                                   0x0800386c   Section        0  main.o(i.main)
    i.makeFreeRtosPriority                   0x0800390c   Section        0  cmsis_os.o(i.makeFreeRtosPriority)
    makeFreeRtosPriority                     0x0800390d   Thumb Code    14  cmsis_os.o(i.makeFreeRtosPriority)
    i.osDelay                                0x0800391a   Section        0  cmsis_os.o(i.osDelay)
    i.osKernelStart                          0x08003928   Section        0  cmsis_os.o(i.osKernelStart)
    i.osThreadCreate                         0x08003932   Section        0  cmsis_os.o(i.osThreadCreate)
    i.prvAddCurrentTaskToDelayedList         0x08003988   Section        0  tasks.o(i.prvAddCurrentTaskToDelayedList)
    prvAddCurrentTaskToDelayedList           0x08003989   Thumb Code   102  tasks.o(i.prvAddCurrentTaskToDelayedList)
    i.prvAddNewTaskToReadyList               0x080039f8   Section        0  tasks.o(i.prvAddNewTaskToReadyList)
    prvAddNewTaskToReadyList                 0x080039f9   Thumb Code   194  tasks.o(i.prvAddNewTaskToReadyList)
    i.prvDeleteTCB                           0x08003ac8   Section        0  tasks.o(i.prvDeleteTCB)
    prvDeleteTCB                             0x08003ac9   Thumb Code    56  tasks.o(i.prvDeleteTCB)
    i.prvHeapInit                            0x08003b00   Section        0  heap_4.o(i.prvHeapInit)
    prvHeapInit                              0x08003b01   Thumb Code    70  heap_4.o(i.prvHeapInit)
    i.prvIdleTask                            0x08003b50   Section        0  tasks.o(i.prvIdleTask)
    prvIdleTask                              0x08003b51   Thumb Code    82  tasks.o(i.prvIdleTask)
    i.prvInitialiseNewTask                   0x08003bb0   Section        0  tasks.o(i.prvInitialiseNewTask)
    prvInitialiseNewTask                     0x08003bb1   Thumb Code   158  tasks.o(i.prvInitialiseNewTask)
    i.prvInsertBlockIntoFreeList             0x08003c50   Section        0  heap_4.o(i.prvInsertBlockIntoFreeList)
    prvInsertBlockIntoFreeList               0x08003c51   Thumb Code    72  heap_4.o(i.prvInsertBlockIntoFreeList)
    i.prvResetNextTaskUnblockTime            0x08003c9c   Section        0  tasks.o(i.prvResetNextTaskUnblockTime)
    prvResetNextTaskUnblockTime              0x08003c9d   Thumb Code    26  tasks.o(i.prvResetNextTaskUnblockTime)
    i.prvTaskExitError                       0x08003cbc   Section        0  port.o(i.prvTaskExitError)
    prvTaskExitError                         0x08003cbd   Thumb Code    42  port.o(i.prvTaskExitError)
    i.pvPortMalloc                           0x08003cec   Section        0  heap_4.o(i.pvPortMalloc)
    i.pxPortInitialiseStack                  0x08003dd0   Section        0  port.o(i.pxPortInitialiseStack)
    i.uxListRemove                           0x08003e00   Section        0  list.o(i.uxListRemove)
    i.vApplicationGetIdleTaskMemory          0x08003e28   Section        0  freertos.o(i.vApplicationGetIdleTaskMemory)
    i.vListInitialise                        0x08003e40   Section        0  list.o(i.vListInitialise)
    i.vListInitialiseItem                    0x08003e56   Section        0  list.o(i.vListInitialiseItem)
    i.vListInsert                            0x08003e5c   Section        0  list.o(i.vListInsert)
    i.vListInsertEnd                         0x08003e8c   Section        0  list.o(i.vListInsertEnd)
    i.vPortEnterCritical                     0x08003ea4   Section        0  port.o(i.vPortEnterCritical)
    i.vPortExitCritical                      0x08003eec   Section        0  port.o(i.vPortExitCritical)
    i.vPortFree                              0x08003f18   Section        0  heap_4.o(i.vPortFree)
    i.vPortSetupTimerInterrupt               0x08003f7c   Section        0  port.o(i.vPortSetupTimerInterrupt)
    i.vTaskDelay                             0x08003fa0   Section        0  tasks.o(i.vTaskDelay)
    i.vTaskStartScheduler                    0x08003ff0   Section        0  tasks.o(i.vTaskStartScheduler)
    i.vTaskSuspendAll                        0x08004060   Section        0  tasks.o(i.vTaskSuspendAll)
    i.vTaskSwitchContext                     0x08004070   Section        0  tasks.o(i.vTaskSwitchContext)
    i.xPortStartScheduler                    0x080040d0   Section        0  port.o(i.xPortStartScheduler)
    i.xTaskCreate                            0x08004190   Section        0  tasks.o(i.xTaskCreate)
    i.xTaskCreateStatic                      0x080041ea   Section        0  tasks.o(i.xTaskCreateStatic)
    i.xTaskIncrementTick                     0x08004248   Section        0  tasks.o(i.xTaskIncrementTick)
    i.xTaskResumeAll                         0x08004314   Section        0  tasks.o(i.xTaskResumeAll)
    locale$$code                             0x080043dc   Section       44  lc_ctype_c.o(locale$$code)
    x$fpl$fpinit                             0x08004408   Section       10  fpinit.o(x$fpl$fpinit)
    $v0                                      0x08004408   Number         0  fpinit.o(x$fpl$fpinit)
    .constdata                               0x08004414   Section       84  main.o(.constdata)
    .constdata                               0x08004468   Section        8  stm32f7xx_hal_dma.o(.constdata)
    flagBitshiftOffset                       0x08004468   Data           8  stm32f7xx_hal_dma.o(.constdata)
    .constdata                               0x08004470   Section       16  system_stm32f7xx.o(.constdata)
    .constdata                               0x08004480   Section        8  system_stm32f7xx.o(.constdata)
    .conststring                             0x08004488   Section       36  main.o(.conststring)
    locale$$data                             0x080044cc   Section      272  lc_ctype_c.o(locale$$data)
    __lcctype_c_name                         0x080044d0   Data           2  lc_ctype_c.o(locale$$data)
    __lcctype_c_start                        0x080044d8   Data           0  lc_ctype_c.o(locale$$data)
    __lcctype_c_end                          0x080045dc   Data           0  lc_ctype_c.o(locale$$data)
    .data                                    0x20000000   Section       34  main.o(.data)
    MACAddr                                  0x2000001c   Data           6  main.o(.data)
    .data                                    0x20000024   Section       12  stm32f7xx_hal.o(.data)
    .data                                    0x20000030   Section        4  system_stm32f7xx.o(.data)
    .data                                    0x20000034   Section       60  tasks.o(.data)
    pxDelayedTaskList                        0x20000038   Data           4  tasks.o(.data)
    pxOverflowDelayedTaskList                0x2000003c   Data           4  tasks.o(.data)
    uxDeletedTasksWaitingCleanUp             0x20000040   Data           4  tasks.o(.data)
    uxCurrentNumberOfTasks                   0x20000044   Data           4  tasks.o(.data)
    xTickCount                               0x20000048   Data           4  tasks.o(.data)
    uxTopReadyPriority                       0x2000004c   Data           4  tasks.o(.data)
    xSchedulerRunning                        0x20000050   Data           4  tasks.o(.data)
    uxPendedTicks                            0x20000054   Data           4  tasks.o(.data)
    xYieldPending                            0x20000058   Data           4  tasks.o(.data)
    xNumOfOverflows                          0x2000005c   Data           4  tasks.o(.data)
    uxTaskNumber                             0x20000060   Data           4  tasks.o(.data)
    xNextTaskUnblockTime                     0x20000064   Data           4  tasks.o(.data)
    xIdleTaskHandle                          0x20000068   Data           4  tasks.o(.data)
    uxSchedulerSuspended                     0x2000006c   Data           4  tasks.o(.data)
    .data                                    0x20000070   Section       24  heap_4.o(.data)
    pxEnd                                    0x20000070   Data           4  heap_4.o(.data)
    xFreeBytesRemaining                      0x20000074   Data           4  heap_4.o(.data)
    xMinimumEverFreeBytesRemaining           0x20000078   Data           4  heap_4.o(.data)
    xBlockAllocatedBit                       0x2000007c   Data           4  heap_4.o(.data)
    xStart                                   0x20000080   Data           8  heap_4.o(.data)
    .data                                    0x20000088   Section       12  port.o(.data)
    ucMaxSysCallPriority                     0x20000088   Data           1  port.o(.data)
    uxCriticalNesting                        0x2000008c   Data           4  port.o(.data)
    ulMaxPRIGROUPValue                       0x20000090   Data           4  port.o(.data)
    .bss                                     0x20000094   Section     1232  main.o(.bss)
    .bss                                     0x20000564   Section       96  main.o(.bss)
    .bss                                     0x200005c4   Section       96  main.o(.bss)
    .bss                                     0x20000624   Section      596  freertos.o(.bss)
    xIdleTaskTCBBuffer                       0x20000624   Data          84  freertos.o(.bss)
    xIdleStack                               0x20000678   Data         512  freertos.o(.bss)
    .bss                                     0x20000878   Section       76  stm32f7xx_hal_timebase_tim.o(.bss)
    .bss                                     0x200008c4   Section      240  tasks.o(.bss)
    pxReadyTasksLists                        0x200008c4   Data         140  tasks.o(.bss)
    xDelayedTaskList1                        0x20000950   Data          20  tasks.o(.bss)
    xDelayedTaskList2                        0x20000964   Data          20  tasks.o(.bss)
    xPendingReadyList                        0x20000978   Data          20  tasks.o(.bss)
    xTasksWaitingTermination                 0x2000098c   Data          20  tasks.o(.bss)
    xSuspendedTaskList                       0x200009a0   Data          20  tasks.o(.bss)
    .bss                                     0x200009b4   Section    15360  heap_4.o(.bss)
    ucHeap                                   0x200009b4   Data       15360  heap_4.o(.bss)
    .bss                                     0x200045b4   Section       96  libspace.o(.bss)
    HEAP                                     0x20004618   Section      512  startup_stm32f767xx.o(HEAP)
    Heap_Mem                                 0x20004618   Data         512  startup_stm32f767xx.o(HEAP)
    STACK                                    0x20004818   Section     1024  startup_stm32f767xx.o(STACK)
    Stack_Mem                                0x20004818   Data        1024  startup_stm32f767xx.o(STACK)
    __initial_sp                             0x20004c18   Data           0  startup_stm32f767xx.o(STACK)

    Global Symbols

    Symbol Name                              Value     Ov Type        Size  Object(Section)

    BuildAttributes$$THM_ISAv4$E$P$D$K$B$S$7EM$VFPv5_D16$PE$PLD8$A:L22UL41UL21$X:L11$S22US41US21$IEEE1$IW$USESV6$~STKCKD$USESV7$~SHL$OSPACE$ROPI$EBA8$UX$STANDARDLIB$REQ8$PRES8$EABIv2 0x00000000   Number         0  anon$$obj.o ABSOLUTE
    __ARM_use_no_argv                        0x00000000   Number         0  main.o ABSOLUTE
    __ARM_exceptions_init                     - Undefined Weak Reference
    __alloca_initialize                       - Undefined Weak Reference
    __arm_fini_                               - Undefined Weak Reference
    __arm_preinit_                            - Undefined Weak Reference
    __cpp_initialize__aeabi_                  - Undefined Weak Reference
    __cxa_finalize                            - Undefined Weak Reference
    __sigvec_lookup                           - Undefined Weak Reference
    _atexit_init                              - Undefined Weak Reference
    _call_atexit_fns                          - Undefined Weak Reference
    _clock_init                               - Undefined Weak Reference
    _fp_trap_init                             - Undefined Weak Reference
    _fp_trap_shutdown                         - Undefined Weak Reference
    _get_lc_collate                           - Undefined Weak Reference
    _get_lc_monetary                          - Undefined Weak Reference
    _get_lc_numeric                           - Undefined Weak Reference
    _get_lc_time                              - Undefined Weak Reference
    _getenv_init                              - Undefined Weak Reference
    _handle_redirection                       - Undefined Weak Reference
    _init_alloc                               - Undefined Weak Reference
    _init_user_alloc                          - Undefined Weak Reference
    _initio                                   - Undefined Weak Reference
    _rand_init                                - Undefined Weak Reference
    _signal_finish                            - Undefined Weak Reference
    _signal_init                              - Undefined Weak Reference
    _terminate_alloc                          - Undefined Weak Reference
    _terminate_user_alloc                     - Undefined Weak Reference
    _terminateio                              - Undefined Weak Reference
    __Vectors_Size                           0x000001f8   Number         0  startup_stm32f767xx.o ABSOLUTE
    __Vectors                                0x08000000   Data           4  startup_stm32f767xx.o(RESET)
    __Vectors_End                            0x080001f8   Data           0  startup_stm32f767xx.o(RESET)
    __main                                   0x080001f9   Thumb Code     8  __main.o(!!!main)
    __scatterload                            0x08000201   Thumb Code     0  __scatter.o(!!!scatter)
    __scatterload_rt2                        0x08000201   Thumb Code    44  __scatter.o(!!!scatter)
    __scatterload_rt2_thumb_only             0x08000201   Thumb Code     0  __scatter.o(!!!scatter)
    __scatterload_null                       0x0800020f   Thumb Code     0  __scatter.o(!!!scatter)
    __scatterload_copy                       0x08000235   Thumb Code    26  __scatter_copy.o(!!handler_copy)
    __scatterload_zeroinit                   0x08000251   Thumb Code    28  __scatter_zi.o(!!handler_zi)
    __rt_lib_init                            0x0800026d   Thumb Code     0  libinit.o(.ARM.Collect$$libinit$$00000000)
    __rt_lib_init_fp_1                       0x0800026f   Thumb Code     0  libinit2.o(.ARM.Collect$$libinit$$00000001)
    __rt_lib_init_heap_1                     0x08000273   Thumb Code     0  libinit2.o(.ARM.Collect$$libinit$$0000000A)
    __rt_lib_init_lc_common                  0x08000273   Thumb Code     0  libinit2.o(.ARM.Collect$$libinit$$0000000F)
    __rt_lib_init_preinit_1                  0x08000273   Thumb Code     0  libinit2.o(.ARM.Collect$$libinit$$00000004)
    __rt_lib_init_rand_1                     0x08000273   Thumb Code     0  libinit2.o(.ARM.Collect$$libinit$$0000000E)
    __rt_lib_init_user_alloc_1               0x08000273   Thumb Code     0  libinit2.o(.ARM.Collect$$libinit$$0000000C)
    __rt_lib_init_lc_collate_1               0x08000279   Thumb Code     0  libinit2.o(.ARM.Collect$$libinit$$00000011)
    __rt_lib_init_lc_ctype_2                 0x08000279   Thumb Code     0  libinit2.o(.ARM.Collect$$libinit$$00000012)
    __rt_lib_init_alloca_1                   0x08000285   Thumb Code     0  libinit2.o(.ARM.Collect$$libinit$$0000002E)
    __rt_lib_init_argv_1                     0x08000285   Thumb Code     0  libinit2.o(.ARM.Collect$$libinit$$0000002C)
    __rt_lib_init_atexit_1                   0x08000285   Thumb Code     0  libinit2.o(.ARM.Collect$$libinit$$0000001B)
    __rt_lib_init_clock_1                    0x08000285   Thumb Code     0  libinit2.o(.ARM.Collect$$libinit$$00000021)
    __rt_lib_init_cpp_1                      0x08000285   Thumb Code     0  libinit2.o(.ARM.Collect$$libinit$$00000032)
    __rt_lib_init_exceptions_1               0x08000285   Thumb Code     0  libinit2.o(.ARM.Collect$$libinit$$00000030)
    __rt_lib_init_fp_trap_1                  0x08000285   Thumb Code     0  libinit2.o(.ARM.Collect$$libinit$$0000001F)
    __rt_lib_init_getenv_1                   0x08000285   Thumb Code     0  libinit2.o(.ARM.Collect$$libinit$$00000023)
    __rt_lib_init_lc_ctype_1                 0x08000285   Thumb Code     0  libinit2.o(.ARM.Collect$$libinit$$00000013)
    __rt_lib_init_lc_monetary_1              0x08000285   Thumb Code     0  libinit2.o(.ARM.Collect$$libinit$$00000015)
    __rt_lib_init_lc_numeric_1               0x08000285   Thumb Code     0  libinit2.o(.ARM.Collect$$libinit$$00000017)
    __rt_lib_init_lc_time_1                  0x08000285   Thumb Code     0  libinit2.o(.ARM.Collect$$libinit$$00000019)
    __rt_lib_init_return                     0x08000285   Thumb Code     0  libinit2.o(.ARM.Collect$$libinit$$00000033)
    __rt_lib_init_signal_1                   0x08000285   Thumb Code     0  libinit2.o(.ARM.Collect$$libinit$$0000001D)
    __rt_lib_init_stdio_1                    0x08000285   Thumb Code     0  libinit2.o(.ARM.Collect$$libinit$$00000025)
    __rt_lib_shutdown                        0x08000287   Thumb Code     0  libshutdown.o(.ARM.Collect$$libshutdown$$00000000)
    __rt_lib_shutdown_cpp_1                  0x08000289   Thumb Code     0  libshutdown2.o(.ARM.Collect$$libshutdown$$00000004)
    __rt_lib_shutdown_fini_1                 0x08000289   Thumb Code     0  libshutdown2.o(.ARM.Collect$$libshutdown$$00000002)
    __rt_lib_shutdown_fp_trap_1              0x08000289   Thumb Code     0  libshutdown2.o(.ARM.Collect$$libshutdown$$00000009)
    __rt_lib_shutdown_heap_1                 0x08000289   Thumb Code     0  libshutdown2.o(.ARM.Collect$$libshutdown$$00000011)
    __rt_lib_shutdown_return                 0x08000289   Thumb Code     0  libshutdown2.o(.ARM.Collect$$libshutdown$$00000012)
    __rt_lib_shutdown_signal_1               0x08000289   Thumb Code     0  libshutdown2.o(.ARM.Collect$$libshutdown$$0000000C)
    __rt_lib_shutdown_stdio_1                0x08000289   Thumb Code     0  libshutdown2.o(.ARM.Collect$$libshutdown$$00000006)
    __rt_lib_shutdown_user_alloc_1           0x08000289   Thumb Code     0  libshutdown2.o(.ARM.Collect$$libshutdown$$0000000E)
    __rt_entry                               0x0800028b   Thumb Code     0  __rtentry.o(.ARM.Collect$$rtentry$$00000000)
    __rt_entry_presh_1                       0x0800028b   Thumb Code     0  __rtentry2.o(.ARM.Collect$$rtentry$$00000002)
    __rt_entry_sh                            0x0800028b   Thumb Code     0  __rtentry4.o(.ARM.Collect$$rtentry$$00000004)
    __rt_entry_li                            0x08000291   Thumb Code     0  __rtentry2.o(.ARM.Collect$$rtentry$$0000000A)
    __rt_entry_postsh_1                      0x08000291   Thumb Code     0  __rtentry2.o(.ARM.Collect$$rtentry$$00000009)
    __rt_entry_main                          0x08000295   Thumb Code     0  __rtentry2.o(.ARM.Collect$$rtentry$$0000000D)
    __rt_entry_postli_1                      0x08000295   Thumb Code     0  __rtentry2.o(.ARM.Collect$$rtentry$$0000000C)
    __rt_exit                                0x0800029d   Thumb Code     0  rtexit.o(.ARM.Collect$$rtexit$$00000000)
    __rt_exit_ls                             0x0800029f   Thumb Code     0  rtexit2.o(.ARM.Collect$$rtexit$$00000003)
    __rt_exit_prels_1                        0x0800029f   Thumb Code     0  rtexit2.o(.ARM.Collect$$rtexit$$00000002)
    __rt_exit_exit                           0x080002a3   Thumb Code     0  rtexit2.o(.ARM.Collect$$rtexit$$00000004)
    SVC_Handler                              0x080002a9   Thumb Code    28  port.o(.emb_text)
    __asm___6_port_c_39a90d8d__prvStartFirstTask 0x080002c9   Thumb Code    36  port.o(.emb_text)
    __asm___6_port_c_39a90d8d__prvEnableVFP  0x080002f1   Thumb Code    16  port.o(.emb_text)
    PendSV_Handler                           0x08000305   Thumb Code    92  port.o(.emb_text)
    vPortGetIPSR                             0x08000365   Thumb Code     6  port.o(.emb_text)
    Reset_Handler                            0x0800036d   Thumb Code     8  startup_stm32f767xx.o(.text)
    ADC_IRQHandler                           0x08000387   Thumb Code     0  startup_stm32f767xx.o(.text)
    CAN1_RX0_IRQHandler                      0x08000387   Thumb Code     0  startup_stm32f767xx.o(.text)
    CAN1_RX1_IRQHandler                      0x08000387   Thumb Code     0  startup_stm32f767xx.o(.text)
    CAN1_SCE_IRQHandler                      0x08000387   Thumb Code     0  startup_stm32f767xx.o(.text)
    CAN1_TX_IRQHandler                       0x08000387   Thumb Code     0  startup_stm32f767xx.o(.text)
    CAN2_RX0_IRQHandler                      0x08000387   Thumb Code     0  startup_stm32f767xx.o(.text)
    CAN2_RX1_IRQHandler                      0x08000387   Thumb Code     0  startup_stm32f767xx.o(.text)
    CAN2_SCE_IRQHandler                      0x08000387   Thumb Code     0  startup_stm32f767xx.o(.text)
    CAN2_TX_IRQHandler                       0x08000387   Thumb Code     0  startup_stm32f767xx.o(.text)
    CAN3_RX0_IRQHandler                      0x08000387   Thumb Code     0  startup_stm32f767xx.o(.text)
    CAN3_RX1_IRQHandler                      0x08000387   Thumb Code     0  startup_stm32f767xx.o(.text)
    CAN3_SCE_IRQHandler                      0x08000387   Thumb Code     0  startup_stm32f767xx.o(.text)
    CAN3_TX_IRQHandler                       0x08000387   Thumb Code     0  startup_stm32f767xx.o(.text)
    CEC_IRQHandler                           0x08000387   Thumb Code     0  startup_stm32f767xx.o(.text)
    DCMI_IRQHandler                          0x08000387   Thumb Code     0  startup_stm32f767xx.o(.text)
    DFSDM1_FLT0_IRQHandler                   0x08000387   Thumb Code     0  startup_stm32f767xx.o(.text)
    DFSDM1_FLT1_IRQHandler                   0x08000387   Thumb Code     0  startup_stm32f767xx.o(.text)
    DFSDM1_FLT2_IRQHandler                   0x08000387   Thumb Code     0  startup_stm32f767xx.o(.text)
    DFSDM1_FLT3_IRQHandler                   0x08000387   Thumb Code     0  startup_stm32f767xx.o(.text)
    DMA1_Stream0_IRQHandler                  0x08000387   Thumb Code     0  startup_stm32f767xx.o(.text)
    DMA1_Stream2_IRQHandler                  0x08000387   Thumb Code     0  startup_stm32f767xx.o(.text)
    DMA1_Stream4_IRQHandler                  0x08000387   Thumb Code     0  startup_stm32f767xx.o(.text)
    DMA1_Stream5_IRQHandler                  0x08000387   Thumb Code     0  startup_stm32f767xx.o(.text)
    DMA1_Stream6_IRQHandler                  0x08000387   Thumb Code     0  startup_stm32f767xx.o(.text)
    DMA1_Stream7_IRQHandler                  0x08000387   Thumb Code     0  startup_stm32f767xx.o(.text)
    DMA2D_IRQHandler                         0x08000387   Thumb Code     0  startup_stm32f767xx.o(.text)
    DMA2_Stream0_IRQHandler                  0x08000387   Thumb Code     0  startup_stm32f767xx.o(.text)
    DMA2_Stream1_IRQHandler                  0x08000387   Thumb Code     0  startup_stm32f767xx.o(.text)
    DMA2_Stream2_IRQHandler                  0x08000387   Thumb Code     0  startup_stm32f767xx.o(.text)
    DMA2_Stream3_IRQHandler                  0x08000387   Thumb Code     0  startup_stm32f767xx.o(.text)
    DMA2_Stream4_IRQHandler                  0x08000387   Thumb Code     0  startup_stm32f767xx.o(.text)
    DMA2_Stream5_IRQHandler                  0x08000387   Thumb Code     0  startup_stm32f767xx.o(.text)
    DMA2_Stream6_IRQHandler                  0x08000387   Thumb Code     0  startup_stm32f767xx.o(.text)
    DMA2_Stream7_IRQHandler                  0x08000387   Thumb Code     0  startup_stm32f767xx.o(.text)
    ETH_IRQHandler                           0x08000387   Thumb Code     0  startup_stm32f767xx.o(.text)
    ETH_WKUP_IRQHandler                      0x08000387   Thumb Code     0  startup_stm32f767xx.o(.text)
    EXTI0_IRQHandler                         0x08000387   Thumb Code     0  startup_stm32f767xx.o(.text)
    EXTI15_10_IRQHandler                     0x08000387   Thumb Code     0  startup_stm32f767xx.o(.text)
    EXTI1_IRQHandler                         0x08000387   Thumb Code     0  startup_stm32f767xx.o(.text)
    EXTI2_IRQHandler                         0x08000387   Thumb Code     0  startup_stm32f767xx.o(.text)
    EXTI3_IRQHandler                         0x08000387   Thumb Code     0  startup_stm32f767xx.o(.text)
    EXTI4_IRQHandler                         0x08000387   Thumb Code     0  startup_stm32f767xx.o(.text)
    EXTI9_5_IRQHandler                       0x08000387   Thumb Code     0  startup_stm32f767xx.o(.text)
    FLASH_IRQHandler                         0x08000387   Thumb Code     0  startup_stm32f767xx.o(.text)
    FMC_IRQHandler                           0x08000387   Thumb Code     0  startup_stm32f767xx.o(.text)
    FPU_IRQHandler                           0x08000387   Thumb Code     0  startup_stm32f767xx.o(.text)
    I2C1_ER_IRQHandler                       0x08000387   Thumb Code     0  startup_stm32f767xx.o(.text)
    I2C1_EV_IRQHandler                       0x08000387   Thumb Code     0  startup_stm32f767xx.o(.text)
    I2C2_ER_IRQHandler                       0x08000387   Thumb Code     0  startup_stm32f767xx.o(.text)
    I2C2_EV_IRQHandler                       0x08000387   Thumb Code     0  startup_stm32f767xx.o(.text)
    I2C3_ER_IRQHandler                       0x08000387   Thumb Code     0  startup_stm32f767xx.o(.text)
    I2C3_EV_IRQHandler                       0x08000387   Thumb Code     0  startup_stm32f767xx.o(.text)
    I2C4_ER_IRQHandler                       0x08000387   Thumb Code     0  startup_stm32f767xx.o(.text)
    I2C4_EV_IRQHandler                       0x08000387   Thumb Code     0  startup_stm32f767xx.o(.text)
    JPEG_IRQHandler                          0x08000387   Thumb Code     0  startup_stm32f767xx.o(.text)
    LPTIM1_IRQHandler                        0x08000387   Thumb Code     0  startup_stm32f767xx.o(.text)
    LTDC_ER_IRQHandler                       0x08000387   Thumb Code     0  startup_stm32f767xx.o(.text)
    LTDC_IRQHandler                          0x08000387   Thumb Code     0  startup_stm32f767xx.o(.text)
    MDIOS_IRQHandler                         0x08000387   Thumb Code     0  startup_stm32f767xx.o(.text)
    OTG_FS_IRQHandler                        0x08000387   Thumb Code     0  startup_stm32f767xx.o(.text)
    OTG_FS_WKUP_IRQHandler                   0x08000387   Thumb Code     0  startup_stm32f767xx.o(.text)
    OTG_HS_EP1_IN_IRQHandler                 0x08000387   Thumb Code     0  startup_stm32f767xx.o(.text)
    OTG_HS_EP1_OUT_IRQHandler                0x08000387   Thumb Code     0  startup_stm32f767xx.o(.text)
    OTG_HS_IRQHandler                        0x08000387   Thumb Code     0  startup_stm32f767xx.o(.text)
    OTG_HS_WKUP_IRQHandler                   0x08000387   Thumb Code     0  startup_stm32f767xx.o(.text)
    PVD_IRQHandler                           0x08000387   Thumb Code     0  startup_stm32f767xx.o(.text)
    QUADSPI_IRQHandler                       0x08000387   Thumb Code     0  startup_stm32f767xx.o(.text)
    RCC_IRQHandler                           0x08000387   Thumb Code     0  startup_stm32f767xx.o(.text)
    RNG_IRQHandler                           0x08000387   Thumb Code     0  startup_stm32f767xx.o(.text)
    RTC_Alarm_IRQHandler                     0x08000387   Thumb Code     0  startup_stm32f767xx.o(.text)
    RTC_WKUP_IRQHandler                      0x08000387   Thumb Code     0  startup_stm32f767xx.o(.text)
    SAI1_IRQHandler                          0x08000387   Thumb Code     0  startup_stm32f767xx.o(.text)
    SAI2_IRQHandler                          0x08000387   Thumb Code     0  startup_stm32f767xx.o(.text)
    SDMMC1_IRQHandler                        0x08000387   Thumb Code     0  startup_stm32f767xx.o(.text)
    SDMMC2_IRQHandler                        0x08000387   Thumb Code     0  startup_stm32f767xx.o(.text)
    SPDIF_RX_IRQHandler                      0x08000387   Thumb Code     0  startup_stm32f767xx.o(.text)
    SPI1_IRQHandler                          0x08000387   Thumb Code     0  startup_stm32f767xx.o(.text)
    SPI2_IRQHandler                          0x08000387   Thumb Code     0  startup_stm32f767xx.o(.text)
    SPI3_IRQHandler                          0x08000387   Thumb Code     0  startup_stm32f767xx.o(.text)
    SPI4_IRQHandler                          0x08000387   Thumb Code     0  startup_stm32f767xx.o(.text)
    SPI5_IRQHandler                          0x08000387   Thumb Code     0  startup_stm32f767xx.o(.text)
    SPI6_IRQHandler                          0x08000387   Thumb Code     0  startup_stm32f767xx.o(.text)
    TAMP_STAMP_IRQHandler                    0x08000387   Thumb Code     0  startup_stm32f767xx.o(.text)
    TIM1_BRK_TIM9_IRQHandler                 0x08000387   Thumb Code     0  startup_stm32f767xx.o(.text)
    TIM1_CC_IRQHandler                       0x08000387   Thumb Code     0  startup_stm32f767xx.o(.text)
    TIM1_TRG_COM_TIM11_IRQHandler            0x08000387   Thumb Code     0  startup_stm32f767xx.o(.text)
    TIM2_IRQHandler                          0x08000387   Thumb Code     0  startup_stm32f767xx.o(.text)
    TIM3_IRQHandler                          0x08000387   Thumb Code     0  startup_stm32f767xx.o(.text)
    TIM4_IRQHandler                          0x08000387   Thumb Code     0  startup_stm32f767xx.o(.text)
    TIM5_IRQHandler                          0x08000387   Thumb Code     0  startup_stm32f767xx.o(.text)
    TIM6_DAC_IRQHandler                      0x08000387   Thumb Code     0  startup_stm32f767xx.o(.text)
    TIM7_IRQHandler                          0x08000387   Thumb Code     0  startup_stm32f767xx.o(.text)
    TIM8_BRK_TIM12_IRQHandler                0x08000387   Thumb Code     0  startup_stm32f767xx.o(.text)
    TIM8_CC_IRQHandler                       0x08000387   Thumb Code     0  startup_stm32f767xx.o(.text)
    TIM8_TRG_COM_TIM14_IRQHandler            0x08000387   Thumb Code     0  startup_stm32f767xx.o(.text)
    TIM8_UP_TIM13_IRQHandler                 0x08000387   Thumb Code     0  startup_stm32f767xx.o(.text)
    UART4_IRQHandler                         0x08000387   Thumb Code     0  startup_stm32f767xx.o(.text)
    UART5_IRQHandler                         0x08000387   Thumb Code     0  startup_stm32f767xx.o(.text)
    UART7_IRQHandler                         0x08000387   Thumb Code     0  startup_stm32f767xx.o(.text)
    UART8_IRQHandler                         0x08000387   Thumb Code     0  startup_stm32f767xx.o(.text)
    USART1_IRQHandler                        0x08000387   Thumb Code     0  startup_stm32f767xx.o(.text)
    USART2_IRQHandler                        0x08000387   Thumb Code     0  startup_stm32f767xx.o(.text)
    USART6_IRQHandler                        0x08000387   Thumb Code     0  startup_stm32f767xx.o(.text)
    WWDG_IRQHandler                          0x08000387   Thumb Code     0  startup_stm32f767xx.o(.text)
    __user_initial_stackheap                 0x08000389   Thumb Code     0  startup_stm32f767xx.o(.text)
    __aeabi_uldivmod                         0x080003ad   Thumb Code     0  lludivv7m.o(.text)
    _ll_udiv                                 0x080003ad   Thumb Code   238  lludivv7m.o(.text)
    atoi                                     0x0800049b   Thumb Code    26  atoi.o(.text)
    __aeabi_memcpy4                          0x080004b5   Thumb Code     0  rt_memcpy_w.o(.text)
    __aeabi_memcpy8                          0x080004b5   Thumb Code     0  rt_memcpy_w.o(.text)
    __rt_memcpy_w                            0x080004b5   Thumb Code   100  rt_memcpy_w.o(.text)
    _memcpy_lastbytes_aligned                0x080004fd   Thumb Code     0  rt_memcpy_w.o(.text)
    __aeabi_memclr4                          0x08000519   Thumb Code     0  rt_memclr_w.o(.text)
    __aeabi_memclr8                          0x08000519   Thumb Code     0  rt_memclr_w.o(.text)
    __rt_memclr_w                            0x08000519   Thumb Code    78  rt_memclr_w.o(.text)
    _memset_w                                0x0800051d   Thumb Code     0  rt_memclr_w.o(.text)
    __use_two_region_memory                  0x08000567   Thumb Code     2  heapauxi.o(.text)
    __rt_heap_escrow$2region                 0x08000569   Thumb Code     2  heapauxi.o(.text)
    __rt_heap_expand$2region                 0x0800056b   Thumb Code     2  heapauxi.o(.text)
    __aeabi_errno_addr                       0x0800056d   Thumb Code     8  rt_errno_addr_intlibspace.o(.text)
    __errno$intlibspace                      0x0800056d   Thumb Code     0  rt_errno_addr_intlibspace.o(.text)
    __rt_errno_addr$intlibspace              0x0800056d   Thumb Code     0  rt_errno_addr_intlibspace.o(.text)
    strtol                                   0x08000575   Thumb Code   112  strtol.o(.text)
    __user_libspace                          0x080005e5   Thumb Code     8  libspace.o(.text)
    __user_perproc_libspace                  0x080005e5   Thumb Code     0  libspace.o(.text)
    __user_perthread_libspace                0x080005e5   Thumb Code     0  libspace.o(.text)
    __rt_ctype_table                         0x080005ed   Thumb Code    16  rt_ctype_table.o(.text)
    _strtoul                                 0x080005fd   Thumb Code   158  _strtoul.o(.text)
    __user_setup_stackheap                   0x0800069b   Thumb Code    74  sys_stackheap_outer.o(.text)
    __rt_locale                              0x080006e5   Thumb Code     8  rt_locale_intlibspace.o(.text)
    _chval                                   0x080006ed   Thumb Code    28  _chval.o(.text)
    exit                                     0x08000709   Thumb Code    18  exit.o(.text)
    strcmp                                   0x0800071d   Thumb Code   104  strcmpv7m_pel.o(.text)
    _sys_exit                                0x08000785   Thumb Code     8  sys_exit.o(.text)
    __I$use$semihosting                      0x08000791   Thumb Code     0  use_no_semi.o(.text)
    __use_no_semihosting_swi                 0x08000791   Thumb Code     2  use_no_semi.o(.text)
    BusFault_Handler                         0x08000793   Thumb Code     2  stm32f7xx_it.o(i.BusFault_Handler)
    __semihosting_library_function           0x08000793   Thumb Code     0  indicate_semi.o(.text)
    DMA1_Stream1_IRQHandler                  0x08000795   Thumb Code     6  stm32f7xx_it.o(i.DMA1_Stream1_IRQHandler)
    DMA1_Stream3_IRQHandler                  0x080007a1   Thumb Code     6  stm32f7xx_it.o(i.DMA1_Stream3_IRQHandler)
    DebugMon_Handler                         0x08000851   Thumb Code     2  stm32f7xx_it.o(i.DebugMon_Handler)
    Error_Handler                            0x08000985   Thumb Code     4  main.o(i.Error_Handler)
    HAL_DMA_Abort                            0x08000989   Thumb Code   146  stm32f7xx_hal_dma.o(i.HAL_DMA_Abort)
    HAL_DMA_Abort_IT                         0x08000a1b   Thumb Code    36  stm32f7xx_hal_dma.o(i.HAL_DMA_Abort_IT)
    HAL_DMA_IRQHandler                       0x08000a41   Thumb Code   412  stm32f7xx_hal_dma.o(i.HAL_DMA_IRQHandler)
    HAL_DMA_Init                             0x08000be1   Thumb Code   222  stm32f7xx_hal_dma.o(i.HAL_DMA_Init)
    HAL_DMA_Start_IT                         0x08000cc5   Thumb Code   122  stm32f7xx_hal_dma.o(i.HAL_DMA_Start_IT)
    HAL_Delay                                0x08000d41   Thumb Code    32  stm32f7xx_hal.o(i.HAL_Delay)
    HAL_ETH_Init                             0x08000d65   Thumb Code   454  stm32f7xx_hal_eth.o(i.HAL_ETH_Init)
    HAL_ETH_MspInit                          0x08000f55   Thumb Code   206  stm32f7xx_hal_msp.o(i.HAL_ETH_MspInit)
    HAL_ETH_ReadPHYRegister                  0x0800103d   Thumb Code   134  stm32f7xx_hal_eth.o(i.HAL_ETH_ReadPHYRegister)
    HAL_ETH_WritePHYRegister                 0x080010c5   Thumb Code   122  stm32f7xx_hal_eth.o(i.HAL_ETH_WritePHYRegister)
    HAL_GPIO_Init                            0x08001141   Thumb Code   530  stm32f7xx_hal_gpio.o(i.HAL_GPIO_Init)
    HAL_GPIO_ReadPin                         0x08001389   Thumb Code    10  stm32f7xx_hal_gpio.o(i.HAL_GPIO_ReadPin)
    HAL_GPIO_WritePin                        0x08001393   Thumb Code    10  stm32f7xx_hal_gpio.o(i.HAL_GPIO_WritePin)
    HAL_GetTick                              0x0800139d   Thumb Code     6  stm32f7xx_hal.o(i.HAL_GetTick)
    HAL_IncTick                              0x080013a9   Thumb Code    12  stm32f7xx_hal.o(i.HAL_IncTick)
    HAL_Init                                 0x080013b9   Thumb Code    22  stm32f7xx_hal.o(i.HAL_Init)
    HAL_InitTick                             0x080013d1   Thumb Code    98  stm32f7xx_hal_timebase_tim.o(i.HAL_InitTick)
    HAL_MspInit                              0x08001445   Thumb Code    52  stm32f7xx_hal_msp.o(i.HAL_MspInit)
    HAL_NVIC_EnableIRQ                       0x0800147d   Thumb Code    26  stm32f7xx_hal_cortex.o(i.HAL_NVIC_EnableIRQ)
    HAL_NVIC_SetPriority                     0x08001499   Thumb Code    60  stm32f7xx_hal_cortex.o(i.HAL_NVIC_SetPriority)
    HAL_NVIC_SetPriorityGrouping             0x080014d9   Thumb Code    28  stm32f7xx_hal_cortex.o(i.HAL_NVIC_SetPriorityGrouping)
    HAL_PCDEx_ActivateLPM                    0x080014fd   Thumb Code    34  stm32f7xx_hal_pcd_ex.o(i.HAL_PCDEx_ActivateLPM)
    HAL_PCD_Init                             0x08001525   Thumb Code   242  stm32f7xx_hal_pcd.o(i.HAL_PCD_Init)
    HAL_PCD_MspInit                          0x08001619   Thumb Code   160  stm32f7xx_hal_msp.o(i.HAL_PCD_MspInit)
    HAL_PWREx_EnableOverDrive                0x080016c1   Thumb Code   100  stm32f7xx_hal_pwr_ex.o(i.HAL_PWREx_EnableOverDrive)
    HAL_PWR_EnableBkUpAccess                 0x0800172d   Thumb Code    12  stm32f7xx_hal_pwr.o(i.HAL_PWR_EnableBkUpAccess)
    HAL_RCCEx_PeriphCLKConfig                0x0800173d   Thumb Code  1336  stm32f7xx_hal_rcc_ex.o(i.HAL_RCCEx_PeriphCLKConfig)
    HAL_RCC_ClockConfig                      0x08001c79   Thumb Code   284  stm32f7xx_hal_rcc.o(i.HAL_RCC_ClockConfig)
    HAL_RCC_GetClockConfig                   0x08001da9   Thumb Code    56  stm32f7xx_hal_rcc.o(i.HAL_RCC_GetClockConfig)
    HAL_RCC_GetHCLKFreq                      0x08001de9   Thumb Code     6  stm32f7xx_hal_rcc.o(i.HAL_RCC_GetHCLKFreq)
    HAL_RCC_GetPCLK1Freq                     0x08001df5   Thumb Code    20  stm32f7xx_hal_rcc.o(i.HAL_RCC_GetPCLK1Freq)
    HAL_RCC_GetPCLK2Freq                     0x08001e15   Thumb Code    20  stm32f7xx_hal_rcc.o(i.HAL_RCC_GetPCLK2Freq)
    HAL_RCC_GetSysClockFreq                  0x08001e35   Thumb Code    88  stm32f7xx_hal_rcc.o(i.HAL_RCC_GetSysClockFreq)
    HAL_RCC_OscConfig                        0x08001e95   Thumb Code   906  stm32f7xx_hal_rcc.o(i.HAL_RCC_OscConfig)
    HAL_TIMEx_Break2Callback                 0x0800222d   Thumb Code     2  stm32f7xx_hal_tim_ex.o(i.HAL_TIMEx_Break2Callback)
    HAL_TIMEx_BreakCallback                  0x0800222f   Thumb Code     2  stm32f7xx_hal_tim_ex.o(i.HAL_TIMEx_BreakCallback)
    HAL_TIMEx_CommutCallback                 0x08002231   Thumb Code     2  stm32f7xx_hal_tim_ex.o(i.HAL_TIMEx_CommutCallback)
    HAL_TIM_Base_Init                        0x08002233   Thumb Code    98  stm32f7xx_hal_tim.o(i.HAL_TIM_Base_Init)
    HAL_TIM_Base_MspInit                     0x08002295   Thumb Code     2  stm32f7xx_hal_tim.o(i.HAL_TIM_Base_MspInit)
    HAL_TIM_Base_Start_IT                    0x08002299   Thumb Code   106  stm32f7xx_hal_tim.o(i.HAL_TIM_Base_Start_IT)
    HAL_TIM_IC_CaptureCallback               0x08002325   Thumb Code     2  stm32f7xx_hal_tim.o(i.HAL_TIM_IC_CaptureCallback)
    HAL_TIM_IRQHandler                       0x08002327   Thumb Code   386  stm32f7xx_hal_tim.o(i.HAL_TIM_IRQHandler)
    HAL_TIM_OC_DelayElapsedCallback          0x080024a9   Thumb Code     2  stm32f7xx_hal_tim.o(i.HAL_TIM_OC_DelayElapsedCallback)
    HAL_TIM_PWM_PulseFinishedCallback        0x080024ab   Thumb Code     2  stm32f7xx_hal_tim.o(i.HAL_TIM_PWM_PulseFinishedCallback)
    HAL_TIM_PeriodElapsedCallback            0x080024ad   Thumb Code    14  main.o(i.HAL_TIM_PeriodElapsedCallback)
    HAL_TIM_TriggerCallback                  0x080024c1   Thumb Code     2  stm32f7xx_hal_tim.o(i.HAL_TIM_TriggerCallback)
    HAL_UARTEx_RxEventCallback               0x080024c3   Thumb Code     2  stm32f7xx_hal_uart.o(i.HAL_UARTEx_RxEventCallback)
    HAL_UARTEx_WakeupCallback                0x080024c5   Thumb Code     2  stm32f7xx_hal_uart.o(i.HAL_UARTEx_WakeupCallback)
    HAL_UART_ErrorCallback                   0x080024c7   Thumb Code     2  stm32f7xx_hal_uart.o(i.HAL_UART_ErrorCallback)
    HAL_UART_IRQHandler                      0x080024c9   Thumb Code   652  stm32f7xx_hal_uart.o(i.HAL_UART_IRQHandler)
    HAL_UART_Init                            0x0800275d   Thumb Code   102  stm32f7xx_hal_uart.o(i.HAL_UART_Init)
    HAL_UART_MspInit                         0x080027c5   Thumb Code   234  stm32f7xx_hal_msp.o(i.HAL_UART_MspInit)
    HAL_UART_Receive_DMA                     0x080028c9   Thumb Code    72  stm32f7xx_hal_uart.o(i.HAL_UART_Receive_DMA)
    HAL_UART_RxCpltCallback                  0x08002911   Thumb Code   176  main.o(i.HAL_UART_RxCpltCallback)
    HAL_UART_RxHalfCpltCallback              0x080029d9   Thumb Code     2  stm32f7xx_hal_uart.o(i.HAL_UART_RxHalfCpltCallback)
    HAL_UART_Transmit                        0x080029dd   Thumb Code   184  stm32f7xx_hal_uart.o(i.HAL_UART_Transmit)
    HAL_UART_TxCpltCallback                  0x08002a95   Thumb Code     2  stm32f7xx_hal_uart.o(i.HAL_UART_TxCpltCallback)
    HardFault_Handler                        0x08002a97   Thumb Code     2  stm32f7xx_it.o(i.HardFault_Handler)
    MemManage_Handler                        0x08002c4d   Thumb Code     2  stm32f7xx_it.o(i.MemManage_Handler)
    NMI_Handler                              0x08002c4f   Thumb Code     2  stm32f7xx_it.o(i.NMI_Handler)
    StartDefaultTask                         0x08002c51   Thumb Code    18  main.o(i.StartDefaultTask)
    StartTask02                              0x08002c6d   Thumb Code    66  main.o(i.StartTask02)
    StartTask03                              0x08002cb9   Thumb Code   100  main.o(i.StartTask03)
    SysTick_Handler                          0x08002d39   Thumb Code    42  port.o(i.SysTick_Handler)
    SystemClock_Config                       0x08002d69   Thumb Code   156  main.o(i.SystemClock_Config)
    SystemInit                               0x08002e0d   Thumb Code    12  system_stm32f7xx.o(i.SystemInit)
    TIM1_UP_TIM10_IRQHandler                 0x08002e1d   Thumb Code     6  stm32f7xx_it.o(i.TIM1_UP_TIM10_IRQHandler)
    TIM_Base_SetConfig                       0x08002e29   Thumb Code   158  stm32f7xx_hal_tim.o(i.TIM_Base_SetConfig)
    UART_AdvFeatureConfig                    0x08002ef5   Thumb Code   200  stm32f7xx_hal_uart.o(i.UART_AdvFeatureConfig)
    UART_CheckIdleState                      0x08002fbd   Thumb Code    92  stm32f7xx_hal_uart.o(i.UART_CheckIdleState)
    UART_SetConfig                           0x08003175   Thumb Code   516  stm32f7xx_hal_uart.o(i.UART_SetConfig)
    UART_Start_Receive_DMA                   0x080033a5   Thumb Code   150  stm32f7xx_hal_uart.o(i.UART_Start_Receive_DMA)
    UART_WaitOnFlagUntilTimeout              0x08003449   Thumb Code   202  stm32f7xx_hal_uart.o(i.UART_WaitOnFlagUntilTimeout)
    USART3_IRQHandler                        0x08003515   Thumb Code     6  stm32f7xx_it.o(i.USART3_IRQHandler)
    USB_CoreInit                             0x08003521   Thumb Code   104  stm32f7xx_ll_usb.o(i.USB_CoreInit)
    USB_DevDisconnect                        0x080035cd   Thumb Code    28  stm32f7xx_ll_usb.o(i.USB_DevDisconnect)
    USB_DevInit                              0x080035e9   Thumb Code   368  stm32f7xx_ll_usb.o(i.USB_DevInit)
    USB_DisableGlobalInt                     0x08003761   Thumb Code    12  stm32f7xx_ll_usb.o(i.USB_DisableGlobalInt)
    USB_FlushRxFifo                          0x0800376d   Thumb Code    54  stm32f7xx_ll_usb.o(i.USB_FlushRxFifo)
    USB_FlushTxFifo                          0x080037a9   Thumb Code    58  stm32f7xx_ll_usb.o(i.USB_FlushTxFifo)
    USB_SetCurrentMode                       0x080037e9   Thumb Code    94  stm32f7xx_ll_usb.o(i.USB_SetCurrentMode)
    UsageFault_Handler                       0x08003847   Thumb Code     2  stm32f7xx_it.o(i.UsageFault_Handler)
    main                                     0x0800386d   Thumb Code   148  main.o(i.main)
    osDelay                                  0x0800391b   Thumb Code    14  cmsis_os.o(i.osDelay)
    osKernelStart                            0x08003929   Thumb Code    10  cmsis_os.o(i.osKernelStart)
    osThreadCreate                           0x08003933   Thumb Code    84  cmsis_os.o(i.osThreadCreate)
    pvPortMalloc                             0x08003ced   Thumb Code   222  heap_4.o(i.pvPortMalloc)
    pxPortInitialiseStack                    0x08003dd1   Thumb Code    42  port.o(i.pxPortInitialiseStack)
    uxListRemove                             0x08003e01   Thumb Code    38  list.o(i.uxListRemove)
    vApplicationGetIdleTaskMemory            0x08003e29   Thumb Code    18  freertos.o(i.vApplicationGetIdleTaskMemory)
    vListInitialise                          0x08003e41   Thumb Code    22  list.o(i.vListInitialise)
    vListInitialiseItem                      0x08003e57   Thumb Code     6  list.o(i.vListInitialiseItem)
    vListInsert                              0x08003e5d   Thumb Code    48  list.o(i.vListInsert)
    vListInsertEnd                           0x08003e8d   Thumb Code    24  list.o(i.vListInsertEnd)
    vPortEnterCritical                       0x08003ea5   Thumb Code    62  port.o(i.vPortEnterCritical)
    vPortExitCritical                        0x08003eed   Thumb Code    38  port.o(i.vPortExitCritical)
    vPortFree                                0x08003f19   Thumb Code    96  heap_4.o(i.vPortFree)
    vPortSetupTimerInterrupt                 0x08003f7d   Thumb Code    32  port.o(i.vPortSetupTimerInterrupt)
    vTaskDelay                               0x08003fa1   Thumb Code    70  tasks.o(i.vTaskDelay)
    vTaskStartScheduler                      0x08003ff1   Thumb Code    94  tasks.o(i.vTaskStartScheduler)
    vTaskSuspendAll                          0x08004061   Thumb Code    10  tasks.o(i.vTaskSuspendAll)
    vTaskSwitchContext                       0x08004071   Thumb Code    86  tasks.o(i.vTaskSwitchContext)
    xPortStartScheduler                      0x080040d1   Thumb Code   176  port.o(i.xPortStartScheduler)
    xTaskCreate                              0x08004191   Thumb Code    90  tasks.o(i.xTaskCreate)
    xTaskCreateStatic                        0x080041eb   Thumb Code    94  tasks.o(i.xTaskCreateStatic)
    xTaskIncrementTick                       0x08004249   Thumb Code   196  tasks.o(i.xTaskIncrementTick)
    xTaskResumeAll                           0x08004315   Thumb Code   188  tasks.o(i.xTaskResumeAll)
    _get_lc_ctype                            0x080043dd   Thumb Code    44  lc_ctype_c.o(locale$$code)
    _fp_init                                 0x08004409   Thumb Code    10  fpinit.o(x$fpl$fpinit)
    __fplib_config_fpu_vfp                   0x08004411   Thumb Code     0  fpinit.o(x$fpl$fpinit)
    __fplib_config_pureend_doubles           0x08004411   Thumb Code     0  fpinit.o(x$fpl$fpinit)
    AHBPrescTable                            0x08004470   Data          16  system_stm32f7xx.o(.constdata)
    APBPrescTable                            0x08004480   Data           8  system_stm32f7xx.o(.constdata)
    Region$$Table$$Base                      0x080044ac   Number         0  anon$$obj.o(Region$$Table)
    Region$$Table$$Limit                     0x080044cc   Number         0  anon$$obj.o(Region$$Table)
    __ctype                                  0x080044d9   Data           0  lc_ctype_c.o(locale$$data)
    defaultTaskHandle                        0x20000000   Data           4  main.o(.data)
    myTask02Handle                           0x20000004   Data           4  main.o(.data)
    myTask03Handle                           0x20000008   Data           4  main.o(.data)
    buf                                      0x2000000c   Data           4  main.o(.data)
    D                                        0x20000010   Data           4  main.o(.data)
    T                                        0x20000014   Data           4  main.o(.data)
    E                                        0x20000018   Data           4  main.o(.data)
    uwTickFreq                               0x20000024   Data           1  stm32f7xx_hal.o(.data)
    uwTickPrio                               0x20000028   Data           4  stm32f7xx_hal.o(.data)
    uwTick                                   0x2000002c   Data           4  stm32f7xx_hal.o(.data)
    SystemCoreClock                          0x20000030   Data           4  system_stm32f7xx.o(.data)
    pxCurrentTCB                             0x20000034   Data           4  tasks.o(.data)
    heth                                     0x20000094   Data          72  main.o(.bss)
    huart3                                   0x200000dc   Data         132  main.o(.bss)
    hpcd_USB_OTG_FS                          0x20000160   Data        1028  main.o(.bss)
    hdma_usart3_rx                           0x20000564   Data          96  main.o(.bss)
    hdma_usart3_tx                           0x200005c4   Data          96  main.o(.bss)
    htim1                                    0x20000878   Data          76  stm32f7xx_hal_timebase_tim.o(.bss)
    __libspace_start                         0x200045b4   Data          96  libspace.o(.bss)
    __temporary_stack_top$libspace           0x20004614   Data           0  libspace.o(.bss)



==============================================================================

Memory Map of the image

  Image Entry point : 0x080001f9

  Load Region LR_IROM1 (Base: 0x08000000, Size: 0x00004670, Max: 0x00200000, ABSOLUTE)

    Execution Region ER_IROM1 (Exec base: 0x08000000, Load base: 0x08000000, Size: 0x000045dc, Max: 0x00200000, ABSOLUTE)

    Exec Addr    Load Addr    Size         Type   Attr      Idx    E Section Name        Object

    0x08000000   0x08000000   0x000001f8   Data   RO            3    RESET               startup_stm32f767xx.o
    0x080001f8   0x080001f8   0x00000008   Code   RO         5720  * !!!main             c_w.l(__main.o)
    0x08000200   0x08000200   0x00000034   Code   RO         5914    !!!scatter          c_w.l(__scatter.o)
    0x08000234   0x08000234   0x0000001a   Code   RO         5916    !!handler_copy      c_w.l(__scatter_copy.o)
    0x0800024e   0x0800024e   0x00000002   PAD
    0x08000250   0x08000250   0x0000001c   Code   RO         5918    !!handler_zi        c_w.l(__scatter_zi.o)
    0x0800026c   0x0800026c   0x00000002   Code   RO         5783    .ARM.Collect$$libinit$$00000000  c_w.l(libinit.o)
    0x0800026e   0x0800026e   0x00000004   Code   RO         5794    .ARM.Collect$$libinit$$00000001  c_w.l(libinit2.o)
    0x08000272   0x08000272   0x00000000   Code   RO         5797    .ARM.Collect$$libinit$$00000004  c_w.l(libinit2.o)
    0x08000272   0x08000272   0x00000000   Code   RO         5800    .ARM.Collect$$libinit$$0000000A  c_w.l(libinit2.o)
    0x08000272   0x08000272   0x00000000   Code   RO         5802    .ARM.Collect$$libinit$$0000000C  c_w.l(libinit2.o)
    0x08000272   0x08000272   0x00000000   Code   RO         5804    .ARM.Collect$$libinit$$0000000E  c_w.l(libinit2.o)
    0x08000272   0x08000272   0x00000006   Code   RO         5805    .ARM.Collect$$libinit$$0000000F  c_w.l(libinit2.o)
    0x08000278   0x08000278   0x00000000   Code   RO         5807    .ARM.Collect$$libinit$$00000011  c_w.l(libinit2.o)
    0x08000278   0x08000278   0x0000000c   Code   RO         5808    .ARM.Collect$$libinit$$00000012  c_w.l(libinit2.o)
    0x08000284   0x08000284   0x00000000   Code   RO         5809    .ARM.Collect$$libinit$$00000013  c_w.l(libinit2.o)
    0x08000284   0x08000284   0x00000000   Code   RO         5811    .ARM.Collect$$libinit$$00000015  c_w.l(libinit2.o)
    0x08000284   0x08000284   0x00000000   Code   RO         5813    .ARM.Collect$$libinit$$00000017  c_w.l(libinit2.o)
    0x08000284   0x08000284   0x00000000   Code   RO         5815    .ARM.Collect$$libinit$$00000019  c_w.l(libinit2.o)
    0x08000284   0x08000284   0x00000000   Code   RO         5817    .ARM.Collect$$libinit$$0000001B  c_w.l(libinit2.o)
    0x08000284   0x08000284   0x00000000   Code   RO         5819    .ARM.Collect$$libinit$$0000001D  c_w.l(libinit2.o)
    0x08000284   0x08000284   0x00000000   Code   RO         5821    .ARM.Collect$$libinit$$0000001F  c_w.l(libinit2.o)
    0x08000284   0x08000284   0x00000000   Code   RO         5823    .ARM.Collect$$libinit$$00000021  c_w.l(libinit2.o)
    0x08000284   0x08000284   0x00000000   Code   RO         5825    .ARM.Collect$$libinit$$00000023  c_w.l(libinit2.o)
    0x08000284   0x08000284   0x00000000   Code   RO         5827    .ARM.Collect$$libinit$$00000025  c_w.l(libinit2.o)
    0x08000284   0x08000284   0x00000000   Code   RO         5831    .ARM.Collect$$libinit$$0000002C  c_w.l(libinit2.o)
    0x08000284   0x08000284   0x00000000   Code   RO         5833    .ARM.Collect$$libinit$$0000002E  c_w.l(libinit2.o)
    0x08000284   0x08000284   0x00000000   Code   RO         5835    .ARM.Collect$$libinit$$00000030  c_w.l(libinit2.o)
    0x08000284   0x08000284   0x00000000   Code   RO         5837    .ARM.Collect$$libinit$$00000032  c_w.l(libinit2.o)
    0x08000284   0x08000284   0x00000002   Code   RO         5838    .ARM.Collect$$libinit$$00000033  c_w.l(libinit2.o)
    0x08000286   0x08000286   0x00000002   Code   RO         5869    .ARM.Collect$$libshutdown$$00000000  c_w.l(libshutdown.o)
    0x08000288   0x08000288   0x00000000   Code   RO         5895    .ARM.Collect$$libshutdown$$00000002  c_w.l(libshutdown2.o)
    0x08000288   0x08000288   0x00000000   Code   RO         5897    .ARM.Collect$$libshutdown$$00000004  c_w.l(libshutdown2.o)
    0x08000288   0x08000288   0x00000000   Code   RO         5899    .ARM.Collect$$libshutdown$$00000006  c_w.l(libshutdown2.o)
    0x08000288   0x08000288   0x00000000   Code   RO         5902    .ARM.Collect$$libshutdown$$00000009  c_w.l(libshutdown2.o)
    0x08000288   0x08000288   0x00000000   Code   RO         5905    .ARM.Collect$$libshutdown$$0000000C  c_w.l(libshutdown2.o)
    0x08000288   0x08000288   0x00000000   Code   RO         5907    .ARM.Collect$$libshutdown$$0000000E  c_w.l(libshutdown2.o)
    0x08000288   0x08000288   0x00000000   Code   RO         5910    .ARM.Collect$$libshutdown$$00000011  c_w.l(libshutdown2.o)
    0x08000288   0x08000288   0x00000002   Code   RO         5911    .ARM.Collect$$libshutdown$$00000012  c_w.l(libshutdown2.o)
    0x0800028a   0x0800028a   0x00000000   Code   RO         5722    .ARM.Collect$$rtentry$$00000000  c_w.l(__rtentry.o)
    0x0800028a   0x0800028a   0x00000000   Code   RO         5740    .ARM.Collect$$rtentry$$00000002  c_w.l(__rtentry2.o)
    0x0800028a   0x0800028a   0x00000006   Code   RO         5752    .ARM.Collect$$rtentry$$00000004  c_w.l(__rtentry4.o)
    0x08000290   0x08000290   0x00000000   Code   RO         5742    .ARM.Collect$$rtentry$$00000009  c_w.l(__rtentry2.o)
    0x08000290   0x08000290   0x00000004   Code   RO         5743    .ARM.Collect$$rtentry$$0000000A  c_w.l(__rtentry2.o)
    0x08000294   0x08000294   0x00000000   Code   RO         5745    .ARM.Collect$$rtentry$$0000000C  c_w.l(__rtentry2.o)
    0x08000294   0x08000294   0x00000008   Code   RO         5746    .ARM.Collect$$rtentry$$0000000D  c_w.l(__rtentry2.o)
    0x0800029c   0x0800029c   0x00000002   Code   RO         5784    .ARM.Collect$$rtexit$$00000000  c_w.l(rtexit.o)
    0x0800029e   0x0800029e   0x00000000   Code   RO         5842    .ARM.Collect$$rtexit$$00000002  c_w.l(rtexit2.o)
    0x0800029e   0x0800029e   0x00000004   Code   RO         5843    .ARM.Collect$$rtexit$$00000003  c_w.l(rtexit2.o)
    0x080002a2   0x080002a2   0x00000006   Code   RO         5844    .ARM.Collect$$rtexit$$00000004  c_w.l(rtexit2.o)
    0x080002a8   0x080002a8   0x000000c2   Code   RO         5627    .emb_text           port.o
    0x0800036a   0x0800036a   0x00000002   PAD
    0x0800036c   0x0800036c   0x00000040   Code   RO            4    .text               startup_stm32f767xx.o
    0x080003ac   0x080003ac   0x000000ee   Code   RO         5706    .text               c_w.l(lludivv7m.o)
    0x0800049a   0x0800049a   0x0000001a   Code   RO         5708    .text               c_w.l(atoi.o)
    0x080004b4   0x080004b4   0x00000064   Code   RO         5712    .text               c_w.l(rt_memcpy_w.o)
    0x08000518   0x08000518   0x0000004e   Code   RO         5716    .text               c_w.l(rt_memclr_w.o)
    0x08000566   0x08000566   0x00000006   Code   RO         5718    .text               c_w.l(heapauxi.o)
    0x0800056c   0x0800056c   0x00000008   Code   RO         5730    .text               c_w.l(rt_errno_addr_intlibspace.o)
    0x08000574   0x08000574   0x00000070   Code   RO         5732    .text               c_w.l(strtol.o)
    0x080005e4   0x080005e4   0x00000008   Code   RO         5736    .text               c_w.l(libspace.o)
    0x080005ec   0x080005ec   0x00000010   Code   RO         5754    .text               c_w.l(rt_ctype_table.o)
    0x080005fc   0x080005fc   0x0000009e   Code   RO         5758    .text               c_w.l(_strtoul.o)
    0x0800069a   0x0800069a   0x0000004a   Code   RO         5760    .text               c_w.l(sys_stackheap_outer.o)
    0x080006e4   0x080006e4   0x00000008   Code   RO         5765    .text               c_w.l(rt_locale_intlibspace.o)
    0x080006ec   0x080006ec   0x0000001c   Code   RO         5767    .text               c_w.l(_chval.o)
    0x08000708   0x08000708   0x00000012   Code   RO         5772    .text               c_w.l(exit.o)
    0x0800071a   0x0800071a   0x00000002   PAD
    0x0800071c   0x0800071c   0x00000068   Code   RO         5792    .text               c_w.l(strcmpv7m_pel.o)
    0x08000784   0x08000784   0x0000000c   Code   RO         5839    .text               c_w.l(sys_exit.o)
    0x08000790   0x08000790   0x00000002   Code   RO         5858    .text               c_w.l(use_no_semi.o)
    0x08000792   0x08000792   0x00000000   Code   RO         5860    .text               c_w.l(indicate_semi.o)
    0x08000792   0x08000792   0x00000002   Code   RO          304    i.BusFault_Handler  stm32f7xx_it.o
    0x08000794   0x08000794   0x0000000c   Code   RO          305    i.DMA1_Stream1_IRQHandler  stm32f7xx_it.o
    0x080007a0   0x080007a0   0x0000000c   Code   RO          306    i.DMA1_Stream3_IRQHandler  stm32f7xx_it.o
    0x080007ac   0x080007ac   0x00000028   Code   RO         1179    i.DMA_CalcBaseAndBitshift  stm32f7xx_hal_dma.o
    0x080007d4   0x080007d4   0x00000054   Code   RO         1180    i.DMA_CheckFifoParam  stm32f7xx_hal_dma.o
    0x08000828   0x08000828   0x00000028   Code   RO         1181    i.DMA_SetConfig     stm32f7xx_hal_dma.o
    0x08000850   0x08000850   0x00000002   Code   RO          307    i.DebugMon_Handler  stm32f7xx_it.o
    0x08000852   0x08000852   0x00000002   PAD
    0x08000854   0x08000854   0x00000130   Code   RO          622    i.ETH_MACDMAConfig  stm32f7xx_hal_eth.o
    0x08000984   0x08000984   0x00000004   Code   RO           13    i.Error_Handler     main.o
    0x08000988   0x08000988   0x00000092   Code   RO         1182    i.HAL_DMA_Abort     stm32f7xx_hal_dma.o
    0x08000a1a   0x08000a1a   0x00000024   Code   RO         1183    i.HAL_DMA_Abort_IT  stm32f7xx_hal_dma.o
    0x08000a3e   0x08000a3e   0x00000002   PAD
    0x08000a40   0x08000a40   0x000001a0   Code   RO         1187    i.HAL_DMA_IRQHandler  stm32f7xx_hal_dma.o
    0x08000be0   0x08000be0   0x000000e4   Code   RO         1188    i.HAL_DMA_Init      stm32f7xx_hal_dma.o
    0x08000cc4   0x08000cc4   0x0000007a   Code   RO         1192    i.HAL_DMA_Start_IT  stm32f7xx_hal_dma.o
    0x08000d3e   0x08000d3e   0x00000002   PAD
    0x08000d40   0x08000d40   0x00000024   Code   RO         1549    i.HAL_Delay         stm32f7xx_hal.o
    0x08000d64   0x08000d64   0x000001f0   Code   RO          633    i.HAL_ETH_Init      stm32f7xx_hal_eth.o
    0x08000f54   0x08000f54   0x000000e8   Code   RO          387    i.HAL_ETH_MspInit   stm32f7xx_hal_msp.o
    0x0800103c   0x0800103c   0x00000086   Code   RO          636    i.HAL_ETH_ReadPHYRegister  stm32f7xx_hal_eth.o
    0x080010c2   0x080010c2   0x00000002   PAD
    0x080010c4   0x080010c4   0x0000007a   Code   RO          642    i.HAL_ETH_WritePHYRegister  stm32f7xx_hal_eth.o
    0x0800113e   0x0800113e   0x00000002   PAD
    0x08001140   0x08001140   0x00000248   Code   RO         1116    i.HAL_GPIO_Init     stm32f7xx_hal_gpio.o
    0x08001388   0x08001388   0x0000000a   Code   RO         1118    i.HAL_GPIO_ReadPin  stm32f7xx_hal_gpio.o
    0x08001392   0x08001392   0x0000000a   Code   RO         1120    i.HAL_GPIO_WritePin  stm32f7xx_hal_gpio.o
    0x0800139c   0x0800139c   0x0000000c   Code   RO         1559    i.HAL_GetTick       stm32f7xx_hal.o
    0x080013a8   0x080013a8   0x00000010   Code   RO         1565    i.HAL_IncTick       stm32f7xx_hal.o
    0x080013b8   0x080013b8   0x00000016   Code   RO         1566    i.HAL_Init          stm32f7xx_hal.o
    0x080013ce   0x080013ce   0x00000002   PAD
    0x080013d0   0x080013d0   0x00000074   Code   RO          447    i.HAL_InitTick      stm32f7xx_hal_timebase_tim.o
    0x08001444   0x08001444   0x00000038   Code   RO          388    i.HAL_MspInit       stm32f7xx_hal_msp.o
    0x0800147c   0x0800147c   0x0000001a   Code   RO          491    i.HAL_NVIC_EnableIRQ  stm32f7xx_hal_cortex.o
    0x08001496   0x08001496   0x00000002   PAD
    0x08001498   0x08001498   0x00000040   Code   RO          497    i.HAL_NVIC_SetPriority  stm32f7xx_hal_cortex.o
    0x080014d8   0x080014d8   0x00000024   Code   RO          498    i.HAL_NVIC_SetPriorityGrouping  stm32f7xx_hal_cortex.o
    0x080014fc   0x080014fc   0x00000028   Code   RO         4037    i.HAL_PCDEx_ActivateLPM  stm32f7xx_hal_pcd_ex.o
    0x08001524   0x08001524   0x000000f2   Code   RO         3826    i.HAL_PCD_Init      stm32f7xx_hal_pcd.o
    0x08001616   0x08001616   0x00000002   PAD
    0x08001618   0x08001618   0x000000a8   Code   RO          390    i.HAL_PCD_MspInit   stm32f7xx_hal_msp.o
    0x080016c0   0x080016c0   0x0000006c   Code   RO         1456    i.HAL_PWREx_EnableOverDrive  stm32f7xx_hal_pwr_ex.o
    0x0800172c   0x0800172c   0x00000010   Code   RO         1333    i.HAL_PWR_EnableBkUpAccess  stm32f7xx_hal_pwr.o
    0x0800173c   0x0800173c   0x0000053c   Code   RO          877    i.HAL_RCCEx_PeriphCLKConfig  stm32f7xx_hal_rcc_ex.o
    0x08001c78   0x08001c78   0x00000130   Code   RO          770    i.HAL_RCC_ClockConfig  stm32f7xx_hal_rcc.o
    0x08001da8   0x08001da8   0x00000040   Code   RO          774    i.HAL_RCC_GetClockConfig  stm32f7xx_hal_rcc.o
    0x08001de8   0x08001de8   0x0000000c   Code   RO          775    i.HAL_RCC_GetHCLKFreq  stm32f7xx_hal_rcc.o
    0x08001df4   0x08001df4   0x00000020   Code   RO          777    i.HAL_RCC_GetPCLK1Freq  stm32f7xx_hal_rcc.o
    0x08001e14   0x08001e14   0x00000020   Code   RO          778    i.HAL_RCC_GetPCLK2Freq  stm32f7xx_hal_rcc.o
    0x08001e34   0x08001e34   0x00000060   Code   RO          779    i.HAL_RCC_GetSysClockFreq  stm32f7xx_hal_rcc.o
    0x08001e94   0x08001e94   0x00000398   Code   RO          782    i.HAL_RCC_OscConfig  stm32f7xx_hal_rcc.o
    0x0800222c   0x0800222c   0x00000002   Code   RO         3044    i.HAL_TIMEx_Break2Callback  stm32f7xx_hal_tim_ex.o
    0x0800222e   0x0800222e   0x00000002   Code   RO         3045    i.HAL_TIMEx_BreakCallback  stm32f7xx_hal_tim_ex.o
    0x08002230   0x08002230   0x00000002   Code   RO         3046    i.HAL_TIMEx_CommutCallback  stm32f7xx_hal_tim_ex.o
    0x08002232   0x08002232   0x00000062   Code   RO         2330    i.HAL_TIM_Base_Init  stm32f7xx_hal_tim.o
    0x08002294   0x08002294   0x00000002   Code   RO         2332    i.HAL_TIM_Base_MspInit  stm32f7xx_hal_tim.o
    0x08002296   0x08002296   0x00000002   PAD
    0x08002298   0x08002298   0x0000008c   Code   RO         2335    i.HAL_TIM_Base_Start_IT  stm32f7xx_hal_tim.o
    0x08002324   0x08002324   0x00000002   Code   RO         2364    i.HAL_TIM_IC_CaptureCallback  stm32f7xx_hal_tim.o
    0x08002326   0x08002326   0x00000182   Code   RO         2378    i.HAL_TIM_IRQHandler  stm32f7xx_hal_tim.o
    0x080024a8   0x080024a8   0x00000002   Code   RO         2381    i.HAL_TIM_OC_DelayElapsedCallback  stm32f7xx_hal_tim.o
    0x080024aa   0x080024aa   0x00000002   Code   RO         2408    i.HAL_TIM_PWM_PulseFinishedCallback  stm32f7xx_hal_tim.o
    0x080024ac   0x080024ac   0x00000014   Code   RO           14    i.HAL_TIM_PeriodElapsedCallback  main.o
    0x080024c0   0x080024c0   0x00000002   Code   RO         2421    i.HAL_TIM_TriggerCallback  stm32f7xx_hal_tim.o
    0x080024c2   0x080024c2   0x00000002   Code   RO         3338    i.HAL_UARTEx_RxEventCallback  stm32f7xx_hal_uart.o
    0x080024c4   0x080024c4   0x00000002   Code   RO         3339    i.HAL_UARTEx_WakeupCallback  stm32f7xx_hal_uart.o
    0x080024c6   0x080024c6   0x00000002   Code   RO         3355    i.HAL_UART_ErrorCallback  stm32f7xx_hal_uart.o
    0x080024c8   0x080024c8   0x00000294   Code   RO         3358    i.HAL_UART_IRQHandler  stm32f7xx_hal_uart.o
    0x0800275c   0x0800275c   0x00000066   Code   RO         3359    i.HAL_UART_Init     stm32f7xx_hal_uart.o
    0x080027c2   0x080027c2   0x00000002   PAD
    0x080027c4   0x080027c4   0x00000104   Code   RO          392    i.HAL_UART_MspInit  stm32f7xx_hal_msp.o
    0x080028c8   0x080028c8   0x00000048   Code   RO         3363    i.HAL_UART_Receive_DMA  stm32f7xx_hal_uart.o
    0x08002910   0x08002910   0x000000c8   Code   RO           15    i.HAL_UART_RxCpltCallback  main.o
    0x080029d8   0x080029d8   0x00000002   Code   RO         3367    i.HAL_UART_RxHalfCpltCallback  stm32f7xx_hal_uart.o
    0x080029da   0x080029da   0x00000002   PAD
    0x080029dc   0x080029dc   0x000000b8   Code   RO         3368    i.HAL_UART_Transmit  stm32f7xx_hal_uart.o
    0x08002a94   0x08002a94   0x00000002   Code   RO         3371    i.HAL_UART_TxCpltCallback  stm32f7xx_hal_uart.o
    0x08002a96   0x08002a96   0x00000002   Code   RO          308    i.HardFault_Handler  stm32f7xx_it.o
    0x08002a98   0x08002a98   0x00000054   Code   RO           16    i.MX_ETH_Init       main.o
    0x08002aec   0x08002aec   0x000000f0   Code   RO           17    i.MX_GPIO_Init      main.o
    0x08002bdc   0x08002bdc   0x00000038   Code   RO           18    i.MX_USART3_UART_Init  main.o
    0x08002c14   0x08002c14   0x00000038   Code   RO           19    i.MX_USB_OTG_FS_PCD_Init  main.o
    0x08002c4c   0x08002c4c   0x00000002   Code   RO          309    i.MemManage_Handler  stm32f7xx_it.o
    0x08002c4e   0x08002c4e   0x00000002   Code   RO          310    i.NMI_Handler       stm32f7xx_it.o
    0x08002c50   0x08002c50   0x0000001c   Code   RO           20    i.StartDefaultTask  main.o
    0x08002c6c   0x08002c6c   0x0000004c   Code   RO           21    i.StartTask02       main.o
    0x08002cb8   0x08002cb8   0x00000080   Code   RO           22    i.StartTask03       main.o
    0x08002d38   0x08002d38   0x00000030   Code   RO         5628    i.SysTick_Handler   port.o
    0x08002d68   0x08002d68   0x000000a4   Code   RO           23    i.SystemClock_Config  main.o
    0x08002e0c   0x08002e0c   0x00000010   Code   RO         4391    i.SystemInit        system_stm32f7xx.o
    0x08002e1c   0x08002e1c   0x0000000c   Code   RO          311    i.TIM1_UP_TIM10_IRQHandler  stm32f7xx_it.o
    0x08002e28   0x08002e28   0x000000cc   Code   RO         2423    i.TIM_Base_SetConfig  stm32f7xx_hal_tim.o
    0x08002ef4   0x08002ef4   0x000000c8   Code   RO         3373    i.UART_AdvFeatureConfig  stm32f7xx_hal_uart.o
    0x08002fbc   0x08002fbc   0x0000005c   Code   RO         3374    i.UART_CheckIdleState  stm32f7xx_hal_uart.o
    0x08003018   0x08003018   0x00000014   Code   RO         3375    i.UART_DMAAbortOnError  stm32f7xx_hal_uart.o
    0x0800302c   0x0800302c   0x0000004a   Code   RO         3376    i.UART_DMAError     stm32f7xx_hal_uart.o
    0x08003076   0x08003076   0x0000007e   Code   RO         3377    i.UART_DMAReceiveCplt  stm32f7xx_hal_uart.o
    0x080030f4   0x080030f4   0x0000001c   Code   RO         3379    i.UART_DMARxHalfCplt  stm32f7xx_hal_uart.o
    0x08003110   0x08003110   0x0000004a   Code   RO         3385    i.UART_EndRxTransfer  stm32f7xx_hal_uart.o
    0x0800315a   0x0800315a   0x00000018   Code   RO         3386    i.UART_EndTxTransfer  stm32f7xx_hal_uart.o
    0x08003172   0x08003172   0x00000002   PAD
    0x08003174   0x08003174   0x00000230   Code   RO         3389    i.UART_SetConfig    stm32f7xx_hal_uart.o
    0x080033a4   0x080033a4   0x000000a4   Code   RO         3390    i.UART_Start_Receive_DMA  stm32f7xx_hal_uart.o
    0x08003448   0x08003448   0x000000ca   Code   RO         3394    i.UART_WaitOnFlagUntilTimeout  stm32f7xx_hal_uart.o
    0x08003512   0x08003512   0x00000002   PAD
    0x08003514   0x08003514   0x0000000c   Code   RO          312    i.USART3_IRQHandler  stm32f7xx_it.o
    0x08003520   0x08003520   0x0000006c   Code   RO         4096    i.USB_CoreInit      stm32f7xx_ll_usb.o
    0x0800358c   0x0800358c   0x00000040   Code   RO         4097    i.USB_CoreReset     stm32f7xx_ll_usb.o
    0x080035cc   0x080035cc   0x0000001c   Code   RO         4102    i.USB_DevDisconnect  stm32f7xx_ll_usb.o
    0x080035e8   0x080035e8   0x00000178   Code   RO         4103    i.USB_DevInit       stm32f7xx_ll_usb.o
    0x08003760   0x08003760   0x0000000c   Code   RO         4104    i.USB_DisableGlobalInt  stm32f7xx_ll_usb.o
    0x0800376c   0x0800376c   0x0000003c   Code   RO         4113    i.USB_FlushRxFifo   stm32f7xx_ll_usb.o
    0x080037a8   0x080037a8   0x00000040   Code   RO         4114    i.USB_FlushTxFifo   stm32f7xx_ll_usb.o
    0x080037e8   0x080037e8   0x0000005e   Code   RO         4132    i.USB_SetCurrentMode  stm32f7xx_ll_usb.o
    0x08003846   0x08003846   0x00000002   Code   RO          313    i.UsageFault_Handler  stm32f7xx_it.o
    0x08003848   0x08003848   0x00000022   Code   RO          504    i.__NVIC_SetPriority  stm32f7xx_hal_cortex.o
    0x0800386a   0x0800386a   0x00000002   PAD
    0x0800386c   0x0800386c   0x000000a0   Code   RO           24    i.main              main.o
    0x0800390c   0x0800390c   0x0000000e   Code   RO         5199    i.makeFreeRtosPriority  cmsis_os.o
    0x0800391a   0x0800391a   0x0000000e   Code   RO         5201    i.osDelay           cmsis_os.o
    0x08003928   0x08003928   0x0000000a   Code   RO         5204    i.osKernelStart     cmsis_os.o
    0x08003932   0x08003932   0x00000054   Code   RO         5238    i.osThreadCreate    cmsis_os.o
    0x08003986   0x08003986   0x00000002   PAD
    0x08003988   0x08003988   0x00000070   Code   RO         4893    i.prvAddCurrentTaskToDelayedList  tasks.o
    0x080039f8   0x080039f8   0x000000d0   Code   RO         4894    i.prvAddNewTaskToReadyList  tasks.o
    0x08003ac8   0x08003ac8   0x00000038   Code   RO         4895    i.prvDeleteTCB      tasks.o
    0x08003b00   0x08003b00   0x00000050   Code   RO         5566    i.prvHeapInit       heap_4.o
    0x08003b50   0x08003b50   0x00000060   Code   RO         4896    i.prvIdleTask       tasks.o
    0x08003bb0   0x08003bb0   0x0000009e   Code   RO         4897    i.prvInitialiseNewTask  tasks.o
    0x08003c4e   0x08003c4e   0x00000002   PAD
    0x08003c50   0x08003c50   0x0000004c   Code   RO         5567    i.prvInsertBlockIntoFreeList  heap_4.o
    0x08003c9c   0x08003c9c   0x00000020   Code   RO         4898    i.prvResetNextTaskUnblockTime  tasks.o
    0x08003cbc   0x08003cbc   0x00000030   Code   RO         5629    i.prvTaskExitError  port.o
    0x08003cec   0x08003cec   0x000000e4   Code   RO         5568    i.pvPortMalloc      heap_4.o
    0x08003dd0   0x08003dd0   0x00000030   Code   RO         5630    i.pxPortInitialiseStack  port.o
    0x08003e00   0x08003e00   0x00000026   Code   RO         4529    i.uxListRemove      list.o
    0x08003e26   0x08003e26   0x00000002   PAD
    0x08003e28   0x08003e28   0x00000018   Code   RO          270    i.vApplicationGetIdleTaskMemory  freertos.o
    0x08003e40   0x08003e40   0x00000016   Code   RO         4530    i.vListInitialise   list.o
    0x08003e56   0x08003e56   0x00000006   Code   RO         4531    i.vListInitialiseItem  list.o
    0x08003e5c   0x08003e5c   0x00000030   Code   RO         4532    i.vListInsert       list.o
    0x08003e8c   0x08003e8c   0x00000018   Code   RO         4533    i.vListInsertEnd    list.o
    0x08003ea4   0x08003ea4   0x00000048   Code   RO         5632    i.vPortEnterCritical  port.o
    0x08003eec   0x08003eec   0x0000002c   Code   RO         5633    i.vPortExitCritical  port.o
    0x08003f18   0x08003f18   0x00000064   Code   RO         5569    i.vPortFree         heap_4.o
    0x08003f7c   0x08003f7c   0x00000024   Code   RO         5634    i.vPortSetupTimerInterrupt  port.o
    0x08003fa0   0x08003fa0   0x00000050   Code   RO         4906    i.vTaskDelay        tasks.o
    0x08003ff0   0x08003ff0   0x00000070   Code   RO         4919    i.vTaskStartScheduler  tasks.o
    0x08004060   0x08004060   0x00000010   Code   RO         4921    i.vTaskSuspendAll   tasks.o
    0x08004070   0x08004070   0x00000060   Code   RO         4922    i.vTaskSwitchContext  tasks.o
    0x080040d0   0x080040d0   0x000000c0   Code   RO         5636    i.xPortStartScheduler  port.o
    0x08004190   0x08004190   0x0000005a   Code   RO         4924    i.xTaskCreate       tasks.o
    0x080041ea   0x080041ea   0x0000005e   Code   RO         4925    i.xTaskCreateStatic  tasks.o
    0x08004248   0x08004248   0x000000cc   Code   RO         4932    i.xTaskIncrementTick  tasks.o
    0x08004314   0x08004314   0x000000c8   Code   RO         4938    i.xTaskResumeAll    tasks.o
    0x080043dc   0x080043dc   0x0000002c   Code   RO         5770    locale$$code        c_w.l(lc_ctype_c.o)
    0x08004408   0x08004408   0x0000000a   Code   RO         5854    x$fpl$fpinit        fz_wv.l(fpinit.o)
    0x08004412   0x08004412   0x00000002   PAD
    0x08004414   0x08004414   0x00000054   Data   RO           28    .constdata          main.o
    0x08004468   0x08004468   0x00000008   Data   RO         1194    .constdata          stm32f7xx_hal_dma.o
    0x08004470   0x08004470   0x00000010   Data   RO         4392    .constdata          system_stm32f7xx.o
    0x08004480   0x08004480   0x00000008   Data   RO         4393    .constdata          system_stm32f7xx.o
    0x08004488   0x08004488   0x00000024   Data   RO           29    .conststring        main.o
    0x080044ac   0x080044ac   0x00000020   Data   RO         5912    Region$$Table       anon$$obj.o
    0x080044cc   0x080044cc   0x00000110   Data   RO         5769    locale$$data        c_w.l(lc_ctype_c.o)


    Execution Region RW_IRAM1 (Exec base: 0x20000000, Load base: 0x080045dc, Size: 0x00004c18, Max: 0x00080000, ABSOLUTE)

    Exec Addr    Load Addr    Size         Type   Attr      Idx    E Section Name        Object

    0x20000000   0x080045dc   0x00000022   Data   RW           30    .data               main.o
    0x20000022   0x080045fe   0x00000002   PAD
    0x20000024   0x08004600   0x0000000c   Data   RW         1573    .data               stm32f7xx_hal.o
    0x20000030   0x0800460c   0x00000004   Data   RW         4394    .data               system_stm32f7xx.o
    0x20000034   0x08004610   0x0000003c   Data   RW         4941    .data               tasks.o
    0x20000070   0x0800464c   0x00000018   Data   RW         5574    .data               heap_4.o
    0x20000088   0x08004664   0x0000000c   Data   RW         5637    .data               port.o
    0x20000094        -       0x000004d0   Zero   RW           25    .bss                main.o
    0x20000564        -       0x00000060   Zero   RW           26    .bss                main.o
    0x200005c4        -       0x00000060   Zero   RW           27    .bss                main.o
    0x20000624        -       0x00000254   Zero   RW          271    .bss                freertos.o
    0x20000878        -       0x0000004c   Zero   RW          450    .bss                stm32f7xx_hal_timebase_tim.o
    0x200008c4        -       0x000000f0   Zero   RW         4940    .bss                tasks.o
    0x200009b4        -       0x00003c00   Zero   RW         5573    .bss                heap_4.o
    0x200045b4        -       0x00000060   Zero   RW         5737    .bss                c_w.l(libspace.o)
    0x20004614   0x08004670   0x00000004   PAD
    0x20004618        -       0x00000200   Zero   RW            2    HEAP                startup_stm32f767xx.o
    0x20004818        -       0x00000400   Zero   RW            1    STACK               startup_stm32f767xx.o


==============================================================================

Image component sizes


      Code (inc. data)   RO Data    RW Data    ZI Data      Debug   Object Name

       122          0          0          0          0      23249   cmsis_os.o
         0          0          0          0          0      15800   event_groups.o
        24          6          0          0        596       1304   freertos.o
       484         24          0         24      15360       7483   heap_4.o
       138          0          0          0          0       3634   list.o
      1216        144        120         34       1424     964343   main.o
       682         70          0         12          0      11200   port.o
        64         26        504          0       1536        856   startup_stm32f767xx.o
        86         14          0         12          0       8590   stm32f7xx_hal.o
       160         12          0          0          0      38262   stm32f7xx_hal_cortex.o
      1112         16          8          0          0       7526   stm32f7xx_hal_dma.o
      1056         68          0          0          0       5400   stm32f7xx_hal_eth.o
       604         54          0          0          0       2983   stm32f7xx_hal_gpio.o
       716         64          0          0          0       3645   stm32f7xx_hal_msp.o
       242          0          0          0          0       1803   stm32f7xx_hal_pcd.o
        40          6          0          0          0       1036   stm32f7xx_hal_pcd_ex.o
        16          4          0          0          0        559   stm32f7xx_hal_pwr.o
       108          8          0          0          0       1296   stm32f7xx_hal_pwr_ex.o
      1460         80          0          0          0       6477   stm32f7xx_hal_rcc.o
      1340         22          0          0          0       2356   stm32f7xx_hal_rcc_ex.o
       838         80          0          0          0       7528   stm32f7xx_hal_tim.o
         6          0          0          0          0       2220   stm32f7xx_hal_tim_ex.o
       116         18          0          0         76       1463   stm32f7xx_hal_timebase_tim.o
      2592         86          0          0          0      16917   stm32f7xx_hal_uart.o
        60         24          0          0          0       4836   stm32f7xx_it.o
       806         30          0          0          0       7477   stm32f7xx_ll_usb.o
         0          0          0          0          0        384   stream_buffer.o
        16          4         24          4          0       1171   system_stm32f7xx.o
      1554        108          0         60        240      19890   tasks.o

    ----------------------------------------------------------------------
     15694        968        688        148      19232    1169688   Object Totals
         0          0         32          0          0          0   (incl. Generated)
        36          0          0          2          0          0   (incl. Padding)

    ----------------------------------------------------------------------

      Code (inc. data)   RO Data    RW Data    ZI Data      Debug   Library Member Name

         8          0          0          0          0         68   __main.o
         0          0          0          0          0          0   __rtentry.o
        12          0          0          0          0          0   __rtentry2.o
         6          0          0          0          0          0   __rtentry4.o
        52          8          0          0          0          0   __scatter.o
        26          0          0          0          0          0   __scatter_copy.o
        28          0          0          0          0          0   __scatter_zi.o
        28          0          0          0          0         68   _chval.o
       158          0          0          0          0         92   _strtoul.o
        26          0          0          0          0         80   atoi.o
        18          0          0          0          0         80   exit.o
         6          0          0          0          0        152   heapauxi.o
         0          0          0          0          0          0   indicate_semi.o
        44         10        272          0          0         76   lc_ctype_c.o
         2          0          0          0          0          0   libinit.o
        24          0          0          0          0          0   libinit2.o
         2          0          0          0          0          0   libshutdown.o
         2          0          0          0          0          0   libshutdown2.o
         8          4          0          0         96         68   libspace.o
       238          0          0          0          0        100   lludivv7m.o
        16          4          0          0          0         76   rt_ctype_table.o
         8          4          0          0          0         68   rt_errno_addr_intlibspace.o
         8          4          0          0          0         68   rt_locale_intlibspace.o
        78          0          0          0          0         80   rt_memclr_w.o
       100          0          0          0          0         80   rt_memcpy_w.o
         2          0          0          0          0          0   rtexit.o
        10          0          0          0          0          0   rtexit2.o
       104          0          0          0          0         68   strcmpv7m_pel.o
       112          0          0          0          0         88   strtol.o
        12          4          0          0          0         68   sys_exit.o
        74          0          0          0          0         80   sys_stackheap_outer.o
         2          0          0          0          0         68   use_no_semi.o
        10          0          0          0          0        116   fpinit.o

    ----------------------------------------------------------------------
      1230         38        272          0        100       1644   Library Totals
         6          0          0          0          4          0   (incl. Padding)

    ----------------------------------------------------------------------

      Code (inc. data)   RO Data    RW Data    ZI Data      Debug   Library Name

      1214         38        272          0         96       1528   c_w.l
        10          0          0          0          0        116   fz_wv.l

    ----------------------------------------------------------------------
      1230         38        272          0        100       1644   Library Totals

    ----------------------------------------------------------------------

==============================================================================


      Code (inc. data)   RO Data    RW Data    ZI Data      Debug   

     16924       1006        960        148      19332    1157352   Grand Totals
     16924       1006        960        148      19332    1157352   ELF Image Totals
     16924       1006        960        148          0          0   ROM Totals

==============================================================================

    Total RO  Size (Code + RO Data)                17884 (  17.46kB)
    Total RW  Size (RW Data + ZI Data)             19480 (  19.02kB)
    Total ROM Size (Code + RO Data + RW Data)      18032 (  17.61kB)

==============================================================================

